#
# There is insufficient memory for the Java Runtime Environment to continue.
# Native memory allocation (mmap) failed to map 40894464 bytes. Error detail: G1 virtual space
# Possible reasons:
#   The system is out of physical RAM or swap space
#   This process is running with CompressedOops enabled, and the Java Heap may be blocking the growth of the native heap
# Possible solutions:
#   Reduce memory load on the system
#   Increase physical memory or swap space
#   Check if swap backing store is full
#   Decrease Java heap size (-Xmx/-Xms)
#   Decrease number of Java threads
#   Decrease Java thread stack sizes (-Xss)
#   Set larger code cache with -XX:ReservedCodeCacheSize=
#   JVM is running with Unscaled Compressed Oops mode in which the Java heap is
#     placed in the first 4GB address space. The Java Heap base address is the
#     maximum limit for the native heap growth. Please use -XX:HeapBaseMinAddress
#     to set the Java Heap base and to place the Java Heap above 4GB virtual address.
# This output file may be truncated or incomplete.
#
#  Out of Memory Error (os_windows.cpp:3732), pid=14952, tid=16984
#
# JRE version: OpenJDK Runtime Environment Temurin-21.0.12.1+1 (21.0.12.1+1) (build 21.0.12.1+1-LTS)
# Java VM: OpenJDK 64-Bit Server VM Temurin-21.0.12.1+1 (21.0.12.1+1-LTS, mixed mode, sharing, tiered, compressed oops, compressed class ptrs, g1 gc, windows-amd64)
# No core dump will be written. Minidumps are not enabled by default on client versions of Windows
#

---------------  S U M M A R Y ------------

Command Line: --add-opens=java.base/java.lang=ALL-UNNAMED --add-opens=java.base/java.lang.invoke=ALL-UNNAMED --add-opens=java.base/java.util=ALL-UNNAMED --add-opens=java.prefs/java.util.prefs=ALL-UNNAMED --add-exports=jdk.compiler/com.sun.tools.javac.api=ALL-UNNAMED --add-exports=jdk.compiler/com.sun.tools.javac.util=ALL-UNNAMED --add-opens=java.base/java.util=ALL-UNNAMED --add-opens=java.prefs/java.util.prefs=ALL-UNNAMED --add-opens=java.base/java.nio.charset=ALL-UNNAMED --add-opens=java.base/java.net=ALL-UNNAMED --add-opens=java.base/java.util.concurrent=ALL-UNNAMED --add-opens=java.base/java.util.concurrent.atomic=ALL-UNNAMED --add-opens=java.xml/javax.xml.namespace=ALL-UNNAMED --add-opens=java.base/java.time=ALL-UNNAMED -XX:MaxMetaspaceSize=512m -Xmx2048m -Dfile.encoding=UTF-8 -Duser.country=IN -Duser.language=en -Duser.variant -javaagent:C:\Users\harih\.gradle\wrapper\dists\gradle-9.3.1-bin\23ovyewtku6u96viwx3xl3oks\gradle-9.3.1\lib\agents\gradle-instrumentation-agent-9.3.1.jar org.gradle.launcher.daemon.bootstrap.GradleDaemon 9.3.1

Host: 11th Gen Intel(R) Core(TM) i5-1135G7 @ 2.40GHz, 8 cores, 7G,  Windows 11 , 64 bit Build 26100 (10.0.26100.9444)
Time: Wed Sep 23 10:34:35 2026 India Standard Time elapsed time: 703.012714 seconds (0d 0h 11m 43s)

---------------  T H R E A D  ---------------

Current thread (0x000001f95a1715b0):  VMThread "VM Thread"          [id=16984, stack(0x0000006c29d00000,0x0000006c29e00000) (1024K)]

Stack: [0x0000006c29d00000,0x0000006c29e00000]
Native frames: (J=compiled Java code, j=interpreted, Vv=VM code, C=native code)
V  [jvm.dll+0x6d83e9]
V  [jvm.dll+0x8b5736]
V  [jvm.dll+0x8b7cee]
V  [jvm.dll+0x8b83d3]
V  [jvm.dll+0x284596]
V  [jvm.dll+0x6d4d05]
V  [jvm.dll+0x6c898a]
V  [jvm.dll+0x35f2f8]
V  [jvm.dll+0x366f36]
V  [jvm.dll+0x3b804e]
V  [jvm.dll+0x3b82f8]
V  [jvm.dll+0x33320c]
V  [jvm.dll+0x33329a]
V  [jvm.dll+0x377382]
V  [jvm.dll+0x375b1a]
V  [jvm.dll+0x332951]
V  [jvm.dll+0x37517a]
V  [jvm.dll+0x8be0c0]
V  [jvm.dll+0x8bf434]
V  [jvm.dll+0x8bf960]
V  [jvm.dll+0x8bfc03]
V  [jvm.dll+0x8600cd]
V  [jvm.dll+0x6d6c1d]
C  [ucrtbase.dll+0x2cd30]
C  [KERNEL32.DLL+0x2cd87]
C  [ntdll.dll+0xacaec]

VM_Operation (0x0000006c2b4f7f70): G1CollectForAllocation, mode: safepoint, requested by thread 0x000001f95a335020


---------------  P R O C E S S  ---------------

Threads class SMR info:
_java_thread_list=0x000001f97ca9bb70, length=35, elements={
0x000001f942a2e6b0, 0x000001f95a1952b0, 0x000001f95a195d10, 0x000001f95a198120,
0x000001f95a198b80, 0x000001f95a19b5f0, 0x000001f95a19c660, 0x000001f95a1a0820,
0x000001f95a1de880, 0x000001f95a3ff280, 0x000001f95a445a50, 0x000001f97a2c5030,
0x000001f97af33000, 0x000001f97a12ec60, 0x000001f97a2fccf0, 0x000001f95a2c9430,
0x000001f97af661a0, 0x000001f95a335020, 0x000001f97a67caf0, 0x000001f97a67dea0,
0x000001f97a67b740, 0x000001f97a67d180, 0x000001f97a67d810, 0x000001f97a67bdd0,
0x000001f97a694410, 0x000001f97a691620, 0x000001f97a6936f0, 0x000001f97a693d80,
0x000001f97a694aa0, 0x000001f97a691cb0, 0x000001f97a6957c0, 0x000001f97a693060,
0x000001f97a692340, 0x000001f97a695130, 0x000001f97a695e50
}

Java Threads: ( => current thread )
  0x000001f942a2e6b0 JavaThread "main"                              [_thread_blocked, id=19124, stack(0x0000006c29600000,0x0000006c29700000) (1024K)]
  0x000001f95a1952b0 JavaThread "Reference Handler"          daemon [_thread_blocked, id=25656, stack(0x0000006c29e00000,0x0000006c29f00000) (1024K)]
  0x000001f95a195d10 JavaThread "Finalizer"                  daemon [_thread_blocked, id=15584, stack(0x0000006c29f00000,0x0000006c2a000000) (1024K)]
  0x000001f95a198120 JavaThread "Signal Dispatcher"          daemon [_thread_blocked, id=30112, stack(0x0000006c2a000000,0x0000006c2a100000) (1024K)]
  0x000001f95a198b80 JavaThread "Attach Listener"            daemon [_thread_blocked, id=10468, stack(0x0000006c2a100000,0x0000006c2a200000) (1024K)]
  0x000001f95a19b5f0 JavaThread "Service Thread"             daemon [_thread_blocked, id=24620, stack(0x0000006c2a200000,0x0000006c2a300000) (1024K)]
  0x000001f95a19c660 JavaThread "Monitor Deflation Thread"   daemon [_thread_blocked, id=23724, stack(0x0000006c2a300000,0x0000006c2a400000) (1024K)]
  0x000001f95a1a0820 JavaThread "C2 CompilerThread0"         daemon [_thread_blocked, id=17324, stack(0x0000006c2a400000,0x0000006c2a500000) (1024K)]
  0x000001f95a1de880 JavaThread "C1 CompilerThread0"         daemon [_thread_blocked, id=9400, stack(0x0000006c2a500000,0x0000006c2a600000) (1024K)]
  0x000001f95a3ff280 JavaThread "Common-Cleaner"             daemon [_thread_blocked, id=9280, stack(0x0000006c2a600000,0x0000006c2a700000) (1024K)]
  0x000001f95a445a50 JavaThread "Notification Thread"        daemon [_thread_blocked, id=13624, stack(0x0000006c2a700000,0x0000006c2a800000) (1024K)]
  0x000001f97a2c5030 JavaThread "Daemon health stats"               [_thread_blocked, id=25848, stack(0x0000006c2ab00000,0x0000006c2ac00000) (1024K)]
  0x000001f97af33000 JavaThread "Incoming local TCP Connector on port 57903"        [_thread_in_native, id=28796, stack(0x0000006c29400000,0x0000006c29500000) (1024K)]
  0x000001f97a12ec60 JavaThread "Daemon periodic checks"            [_thread_blocked, id=22288, stack(0x0000006c2ac00000,0x0000006c2ad00000) (1024K)]
  0x000001f97a2fccf0 JavaThread "Daemon"                            [_thread_blocked, id=6232, stack(0x0000006c2b100000,0x0000006c2b200000) (1024K)]
  0x000001f95a2c9430 JavaThread "Handler for socket connection from /127.0.0.1:57903 to /127.0.0.1:57936"        [_thread_in_native, id=29516, stack(0x0000006c2b200000,0x0000006c2b300000) (1024K)]
  0x000001f97af661a0 JavaThread "Cancel handler"                    [_thread_blocked, id=24232, stack(0x0000006c2b300000,0x0000006c2b400000) (1024K)]
  0x000001f95a335020 JavaThread "Daemon worker"                     [_thread_blocked, id=16536, stack(0x0000006c2b400000,0x0000006c2b500000) (1024K)]
  0x000001f97a67caf0 JavaThread "Asynchronous log dispatcher for DefaultDaemonConnection: socket connection from /127.0.0.1:57903 to /127.0.0.1:57936"        [_thread_blocked, id=13552, stack(0x0000006c2b500000,0x0000006c2b600000) (1024K)]
  0x000001f97a67dea0 JavaThread "Stdin handler"                     [_thread_blocked, id=30044, stack(0x0000006c2b600000,0x0000006c2b700000) (1024K)]
  0x000001f97a67b740 JavaThread "Daemon client event forwarder"        [_thread_blocked, id=16052, stack(0x0000006c2b700000,0x0000006c2b800000) (1024K)]
  0x000001f97a67d180 JavaThread "Cache worker for journal cache (C:\Users\harih\.gradle\caches\journal-1)"        [_thread_blocked, id=2032, stack(0x0000006c29500000,0x0000006c29600000) (1024K)]
  0x000001f97a67d810 JavaThread "File lock request listener"        [_thread_in_native, id=13492, stack(0x0000006c2b000000,0x0000006c2b100000) (1024K)]
  0x000001f97a67bdd0 JavaThread "Cache worker for file hash cache (C:\Users\harih\.gradle\caches\9.3.1\fileHashes)"        [_thread_blocked, id=27748, stack(0x0000006c2b900000,0x0000006c2ba00000) (1024K)]
  0x000001f97a694410 JavaThread "Cache worker for file hash cache (D:\RN\Perfex360_RN\android\.gradle\9.3.1\fileHashes)"        [_thread_blocked, id=18152, stack(0x0000006c2b800000,0x0000006c2b900000) (1024K)]
  0x000001f97a691620 JavaThread "Cache worker for Build Output Cleanup Cache (D:\RN\Perfex360_RN\android\.gradle\buildOutputCleanup)"        [_thread_blocked, id=31116, stack(0x0000006c2bb00000,0x0000006c2bc00000) (1024K)]
  0x000001f97a6936f0 JavaThread "File watcher server"        daemon [_thread_in_native, id=20024, stack(0x0000006c2bd00000,0x0000006c2be00000) (1024K)]
  0x000001f97a693d80 JavaThread "File watcher consumer"      daemon [_thread_blocked, id=1684, stack(0x0000006c2be00000,0x0000006c2bf00000) (1024K)]
  0x000001f97a694aa0 JavaThread "Cache worker for checksums cache (D:\RN\Perfex360_RN\android\.gradle\9.3.1\checksums)"        [_thread_blocked, id=24480, stack(0x0000006c2bf00000,0x0000006c2c000000) (1024K)]
  0x000001f97a691cb0 JavaThread "Cache worker for file content cache (C:\Users\harih\.gradle\caches\9.3.1\fileContent)"        [_thread_blocked, id=9104, stack(0x0000006c2c000000,0x0000006c2c100000) (1024K)]
  0x000001f97a6957c0 JavaThread "Cache worker for cache directory md-supplier (C:\Users\harih\.gradle\caches\9.3.1\md-supplier)"        [_thread_blocked, id=28528, stack(0x0000006c2c100000,0x0000006c2c200000) (1024K)]
  0x000001f97a693060 JavaThread "Cache worker for cache directory md-rule (C:\Users\harih\.gradle\caches\9.3.1\md-rule)"        [_thread_blocked, id=12216, stack(0x0000006c2c200000,0x0000006c2c300000) (1024K)]
  0x000001f97a692340 JavaThread "jar transforms"                    [_thread_blocked, id=18264, stack(0x0000006c2c300000,0x0000006c2c400000) (1024K)]
  0x000001f97a695130 JavaThread "File lock release action executor Thread 3"        [_thread_blocked, id=26824, stack(0x0000006c2c500000,0x0000006c2c600000) (1024K)]
  0x000001f97a695e50 JavaThread "jar transforms Thread 2"           [_thread_blocked, id=33848, stack(0x0000006c2c600000,0x0000006c2c700000) (1024K)]
Total: 35

Other Threads:
=>0x000001f95a1715b0 VMThread "VM Thread"                           [id=16984, stack(0x0000006c29d00000,0x0000006c29e00000) (1024K)]
  0x000001f95a15ff60 WatcherThread "VM Periodic Task Thread"        [id=8684, stack(0x0000006c29c00000,0x0000006c29d00000) (1024K)]
  0x000001f942a87e50 WorkerThread "GC Thread#0"                     [id=2688, stack(0x0000006c29700000,0x0000006c29800000) (1024K)]
  0x000001f95a4c4c70 WorkerThread "GC Thread#1"                     [id=29076, stack(0x0000006c2a800000,0x0000006c2a900000) (1024K)]
  0x000001f95a4c96d0 WorkerThread "GC Thread#2"                     [id=21880, stack(0x0000006c2a900000,0x0000006c2aa00000) (1024K)]
  0x000001f95a6444f0 WorkerThread "GC Thread#3"                     [id=13440, stack(0x0000006c29300000,0x0000006c29400000) (1024K)]
  0x000001f95a290d60 WorkerThread "GC Thread#4"                     [id=29432, stack(0x0000006c2aa00000,0x0000006c2ab00000) (1024K)]
  0x000001f97ac46470 WorkerThread "GC Thread#5"                     [id=28876, stack(0x0000006c2ad00000,0x0000006c2ae00000) (1024K)]
  0x000001f97ac46820 WorkerThread "GC Thread#6"                     [id=23476, stack(0x0000006c2ae00000,0x0000006c2af00000) (1024K)]
  0x000001f97af6db30 WorkerThread "GC Thread#7"                     [id=26072, stack(0x0000006c2af00000,0x0000006c2b000000) (1024K)]
  0x000001f942a98d50 ConcurrentGCThread "G1 Main Marker"            [id=31616, stack(0x0000006c29800000,0x0000006c29900000) (1024K)]
  0x000001f942a99f80 WorkerThread "G1 Conc#0"                       [id=12316, stack(0x0000006c29900000,0x0000006c29a00000) (1024K)]
  0x000001f97a09c830 WorkerThread "G1 Conc#1"                       [id=24640, stack(0x0000006c2ba00000,0x0000006c2bb00000) (1024K)]
  0x000001f95a034590 ConcurrentGCThread "G1 Refine#0"               [id=31040, stack(0x0000006c29a00000,0x0000006c29b00000) (1024K)]
  0x000001f95a037de0 ConcurrentGCThread "G1 Service"                [id=4268, stack(0x0000006c29b00000,0x0000006c29c00000) (1024K)]
Total: 15

Threads with active compile tasks:
C2 CompilerThread0  703064 4551   !   4       java.lang.ClassLoader::loadClass (121 bytes)
Total: 1

VM state: at safepoint (normal execution)

VM Mutex/Monitor currently owned by a thread:  ([mutex/lock_event])
[0x00007ffb1f8af5b0] Threads_lock - owner thread: 0x000001f95a1715b0
[0x00007ffb1f8af6b0] Heap_lock - owner thread: 0x000001f95a335020

Heap address: 0x0000000080000000, size: 2048 MB, Compressed Oops mode: 32-bit

CDS archive(s) mapped at: [0x000001f95b000000-0x000001f95bba0000-0x000001f95bba0000), size 12189696, SharedBaseAddress: 0x000001f95b000000, ArchiveRelocationMode: 1.
Compressed class space mapped at: 0x000001f95c000000-0x000001f976000000, reserved size: 436207616
Narrow klass base: 0x000001f95b000000, Narrow klass shift: 0, Narrow klass range: 0x100000000

GC Precious Log:
 CardTable entry size: 512
 Card Set container configuration: InlinePtr #cards 5 size 8 Array Of Cards #cards 12 size 40 Howl #buckets 4 coarsen threshold 1843 Howl Bitmap #cards 512 size 80 coarsen threshold 460 Card regions per heap region 1 cards per card region 2048
 CPUs: 8 total, 8 available
 Memory: 7975M
 Large Page Support: Disabled
 NUMA Support: Disabled
 Compressed Oops: Enabled (32-bit)
 Heap Region Size: 1M
 Heap Min Capacity: 8M
 Heap Initial Capacity: 126M
 Heap Max Capacity: 2G
 Pre-touch: Disabled
 Parallel Workers: 8
 Concurrent Workers: 2
 Concurrent Refinement Workers: 8
 Periodic GC: Disabled

Heap:
 garbage-first heap   total 86016K, used 29648K [0x0000000080000000, 0x0000000100000000)
  region size 1024K, 3 young (3072K), 3 survivors (3072K)
 Metaspace       used 33471K, committed 34816K, reserved 491520K
  class space    used 4948K, committed 5568K, reserved 425984K

Heap Regions: E=young(eden), S=young(survivor), O=old, HS=humongous(starts), HC=humongous(continues), CS=collection set, F=free, TAMS=top-at-mark-start, PB=parsable bottom
|   0|0x0000000080000000, 0x0000000080100000, 0x0000000080100000|100%|HS|  |TAMS 0x0000000080000000| PB 0x0000000080000000| Complete 
|   1|0x0000000080100000, 0x0000000080200000, 0x0000000080200000|100%|HC|  |TAMS 0x0000000080100000| PB 0x0000000080100000| Complete 
|   2|0x0000000080200000, 0x0000000080300000, 0x0000000080300000|100%|HC|  |TAMS 0x0000000080200000| PB 0x0000000080200000| Complete 
|   3|0x0000000080300000, 0x0000000080400000, 0x0000000080400000|100%|HC|  |TAMS 0x0000000080300000| PB 0x0000000080300000| Complete 
|   4|0x0000000080400000, 0x0000000080500000, 0x0000000080500000|100%| O|  |TAMS 0x0000000080400000| PB 0x0000000080400000| Untracked 
|   5|0x0000000080500000, 0x0000000080600000, 0x0000000080600000|100%| O|  |TAMS 0x0000000080500000| PB 0x0000000080500000| Untracked 
|   6|0x0000000080600000, 0x0000000080700000, 0x0000000080700000|100%| O|  |TAMS 0x0000000080600000| PB 0x0000000080600000| Untracked 
|   7|0x0000000080700000, 0x0000000080800000, 0x0000000080800000|100%|HS|  |TAMS 0x0000000080700000| PB 0x0000000080700000| Complete 
|   8|0x0000000080800000, 0x0000000080900000, 0x0000000080900000|100%| O|  |TAMS 0x0000000080800000| PB 0x0000000080800000| Untracked 
|   9|0x0000000080900000, 0x0000000080a00000, 0x0000000080a00000|100%| O|  |TAMS 0x0000000080900000| PB 0x0000000080900000| Untracked 
|  10|0x0000000080a00000, 0x0000000080b00000, 0x0000000080b00000|100%| O|  |TAMS 0x0000000080a00000| PB 0x0000000080a00000| Untracked 
|  11|0x0000000080b00000, 0x0000000080c00000, 0x0000000080c00000|100%| O|  |TAMS 0x0000000080b00000| PB 0x0000000080b00000| Untracked 
|  12|0x0000000080c00000, 0x0000000080d00000, 0x0000000080d00000|100%| O|  |TAMS 0x0000000080c00000| PB 0x0000000080c00000| Untracked 
|  13|0x0000000080d00000, 0x0000000080e00000, 0x0000000080e00000|100%| O|  |TAMS 0x0000000080d00000| PB 0x0000000080d00000| Untracked 
|  14|0x0000000080e00000, 0x0000000080f00000, 0x0000000080f00000|100%| O|  |TAMS 0x0000000080e00000| PB 0x0000000080e00000| Untracked 
|  15|0x0000000080f00000, 0x0000000081000000, 0x0000000081000000|100%| O|  |TAMS 0x0000000080f00000| PB 0x0000000080f00000| Untracked 
|  16|0x0000000081000000, 0x0000000081100000, 0x0000000081100000|100%| O|  |TAMS 0x0000000081000000| PB 0x0000000081000000| Untracked 
|  17|0x0000000081100000, 0x0000000081200000, 0x0000000081200000|100%| O|  |TAMS 0x0000000081100000| PB 0x0000000081100000| Untracked 
|  18|0x0000000081200000, 0x0000000081300000, 0x0000000081300000|100%| O|  |TAMS 0x0000000081200000| PB 0x0000000081200000| Untracked 
|  19|0x0000000081300000, 0x0000000081400000, 0x0000000081400000|100%| O|  |TAMS 0x0000000081300000| PB 0x0000000081300000| Untracked 
|  20|0x0000000081400000, 0x0000000081500000, 0x0000000081500000|100%| O|  |TAMS 0x0000000081400000| PB 0x0000000081400000| Untracked 
|  21|0x0000000081500000, 0x0000000081600000, 0x0000000081600000|100%| O|  |TAMS 0x0000000081500000| PB 0x0000000081500000| Untracked 
|  22|0x0000000081600000, 0x0000000081700000, 0x0000000081700000|100%| O|  |TAMS 0x0000000081600000| PB 0x0000000081600000| Untracked 
|  23|0x0000000081700000, 0x0000000081800000, 0x0000000081800000|100%| O|  |TAMS 0x0000000081700000| PB 0x0000000081700000| Untracked 
|  24|0x0000000081800000, 0x0000000081900000, 0x0000000081900000|100%| O|  |TAMS 0x0000000081800000| PB 0x0000000081800000| Untracked 
|  25|0x0000000081900000, 0x0000000081a00000, 0x0000000081a00000|100%| O|  |TAMS 0x0000000081900000| PB 0x0000000081900000| Untracked 
|  26|0x0000000081a00000, 0x0000000081a2c108, 0x0000000081b00000| 17%| O|  |TAMS 0x0000000081a00000| PB 0x0000000081a00000| Untracked 
|  27|0x0000000081b00000, 0x0000000081b00000, 0x0000000081c00000|  0%| F|  |TAMS 0x0000000081b00000| PB 0x0000000081b00000| Untracked 
|  28|0x0000000081c00000, 0x0000000081c00000, 0x0000000081d00000|  0%| F|  |TAMS 0x0000000081c00000| PB 0x0000000081c00000| Untracked 
|  29|0x0000000081d00000, 0x0000000081d00000, 0x0000000081e00000|  0%| F|  |TAMS 0x0000000081d00000| PB 0x0000000081d00000| Untracked 
|  30|0x0000000081e00000, 0x0000000081e00000, 0x0000000081f00000|  0%| F|  |TAMS 0x0000000081e00000| PB 0x0000000081e00000| Untracked 
|  31|0x0000000081f00000, 0x0000000081f00000, 0x0000000082000000|  0%| F|  |TAMS 0x0000000081f00000| PB 0x0000000081f00000| Untracked 
|  32|0x0000000082000000, 0x0000000082000000, 0x0000000082100000|  0%| F|  |TAMS 0x0000000082000000| PB 0x0000000082000000| Untracked 
|  33|0x0000000082100000, 0x00000000821c8198, 0x0000000082200000| 78%| S|CS|TAMS 0x0000000082100000| PB 0x0000000082100000| Complete 
|  34|0x0000000082200000, 0x0000000082300000, 0x0000000082300000|100%| S|CS|TAMS 0x0000000082200000| PB 0x0000000082200000| Complete 
|  35|0x0000000082300000, 0x0000000082300000, 0x0000000082400000|  0%| F|  |TAMS 0x0000000082300000| PB 0x0000000082300000| Untracked 
|  36|0x0000000082400000, 0x0000000082400000, 0x0000000082500000|  0%| F|  |TAMS 0x0000000082400000| PB 0x0000000082400000| Untracked 
|  37|0x0000000082500000, 0x0000000082500000, 0x0000000082600000|  0%| F|  |TAMS 0x0000000082500000| PB 0x0000000082500000| Untracked 
|  38|0x0000000082600000, 0x0000000082600000, 0x0000000082700000|  0%| F|  |TAMS 0x0000000082600000| PB 0x0000000082600000| Untracked 
|  39|0x0000000082700000, 0x0000000082700000, 0x0000000082800000|  0%| F|  |TAMS 0x0000000082700000| PB 0x0000000082700000| Untracked 
|  40|0x0000000082800000, 0x0000000082800000, 0x0000000082900000|  0%| F|  |TAMS 0x0000000082800000| PB 0x0000000082800000| Untracked 
|  41|0x0000000082900000, 0x0000000082a00000, 0x0000000082a00000|100%| S|CS|TAMS 0x0000000082900000| PB 0x0000000082900000| Complete 
|  42|0x0000000082a00000, 0x0000000082a00000, 0x0000000082b00000|  0%| F|  |TAMS 0x0000000082a00000| PB 0x0000000082a00000| Untracked 
|  43|0x0000000082b00000, 0x0000000082b00000, 0x0000000082c00000|  0%| F|  |TAMS 0x0000000082b00000| PB 0x0000000082b00000| Untracked 
|  44|0x0000000082c00000, 0x0000000082c00000, 0x0000000082d00000|  0%| F|  |TAMS 0x0000000082c00000| PB 0x0000000082c00000| Untracked 
|  45|0x0000000082d00000, 0x0000000082d00000, 0x0000000082e00000|  0%| F|  |TAMS 0x0000000082d00000| PB 0x0000000082d00000| Untracked 
|  46|0x0000000082e00000, 0x0000000082e00000, 0x0000000082f00000|  0%| F|  |TAMS 0x0000000082e00000| PB 0x0000000082e00000| Untracked 
|  47|0x0000000082f00000, 0x0000000082f00000, 0x0000000083000000|  0%| F|  |TAMS 0x0000000082f00000| PB 0x0000000082f00000| Untracked 
|  48|0x0000000083000000, 0x0000000083000000, 0x0000000083100000|  0%| F|  |TAMS 0x0000000083000000| PB 0x0000000083000000| Untracked 
|  49|0x0000000083100000, 0x0000000083100000, 0x0000000083200000|  0%| F|  |TAMS 0x0000000083100000| PB 0x0000000083100000| Untracked 
|  50|0x0000000083200000, 0x0000000083200000, 0x0000000083300000|  0%| F|  |TAMS 0x0000000083200000| PB 0x0000000083200000| Untracked 
|  51|0x0000000083300000, 0x0000000083300000, 0x0000000083400000|  0%| F|  |TAMS 0x0000000083300000| PB 0x0000000083300000| Untracked 
|  52|0x0000000083400000, 0x0000000083400000, 0x0000000083500000|  0%| F|  |TAMS 0x0000000083400000| PB 0x0000000083400000| Untracked 
|  53|0x0000000083500000, 0x0000000083500000, 0x0000000083600000|  0%| F|  |TAMS 0x0000000083500000| PB 0x0000000083500000| Untracked 
|  54|0x0000000083600000, 0x0000000083600000, 0x0000000083700000|  0%| F|  |TAMS 0x0000000083600000| PB 0x0000000083600000| Untracked 
|  55|0x0000000083700000, 0x0000000083700000, 0x0000000083800000|  0%| F|  |TAMS 0x0000000083700000| PB 0x0000000083700000| Untracked 
|  56|0x0000000083800000, 0x0000000083800000, 0x0000000083900000|  0%| F|  |TAMS 0x0000000083800000| PB 0x0000000083800000| Untracked 
|  57|0x0000000083900000, 0x0000000083900000, 0x0000000083a00000|  0%| F|  |TAMS 0x0000000083900000| PB 0x0000000083900000| Untracked 
|  58|0x0000000083a00000, 0x0000000083a00000, 0x0000000083b00000|  0%| F|  |TAMS 0x0000000083a00000| PB 0x0000000083a00000| Untracked 
|  59|0x0000000083b00000, 0x0000000083b00000, 0x0000000083c00000|  0%| F|  |TAMS 0x0000000083b00000| PB 0x0000000083b00000| Untracked 
|  60|0x0000000083c00000, 0x0000000083c00000, 0x0000000083d00000|  0%| F|  |TAMS 0x0000000083c00000| PB 0x0000000083c00000| Untracked 
|  61|0x0000000083d00000, 0x0000000083d00000, 0x0000000083e00000|  0%| F|  |TAMS 0x0000000083d00000| PB 0x0000000083d00000| Untracked 
|  62|0x0000000083e00000, 0x0000000083e00000, 0x0000000083f00000|  0%| F|  |TAMS 0x0000000083e00000| PB 0x0000000083e00000| Untracked 
|  63|0x0000000083f00000, 0x0000000083f00000, 0x0000000084000000|  0%| F|  |TAMS 0x0000000083f00000| PB 0x0000000083f00000| Untracked 
|  64|0x0000000084000000, 0x0000000084000000, 0x0000000084100000|  0%| F|  |TAMS 0x0000000084000000| PB 0x0000000084000000| Untracked 
|  65|0x0000000084100000, 0x0000000084100000, 0x0000000084200000|  0%| F|  |TAMS 0x0000000084100000| PB 0x0000000084100000| Untracked 
|  66|0x0000000084200000, 0x0000000084200000, 0x0000000084300000|  0%| F|  |TAMS 0x0000000084200000| PB 0x0000000084200000| Untracked 
|  67|0x0000000084300000, 0x0000000084300000, 0x0000000084400000|  0%| F|  |TAMS 0x0000000084300000| PB 0x0000000084300000| Untracked 
|  68|0x0000000084400000, 0x0000000084400000, 0x0000000084500000|  0%| F|  |TAMS 0x0000000084400000| PB 0x0000000084400000| Untracked 
|  69|0x0000000084500000, 0x0000000084500000, 0x0000000084600000|  0%| F|  |TAMS 0x0000000084500000| PB 0x0000000084500000| Untracked 
|  70|0x0000000084600000, 0x0000000084600000, 0x0000000084700000|  0%| F|  |TAMS 0x0000000084600000| PB 0x0000000084600000| Untracked 
|  71|0x0000000084700000, 0x0000000084700000, 0x0000000084800000|  0%| F|  |TAMS 0x0000000084700000| PB 0x0000000084700000| Untracked 
|  72|0x0000000084800000, 0x0000000084800000, 0x0000000084900000|  0%| F|  |TAMS 0x0000000084800000| PB 0x0000000084800000| Untracked 
|  73|0x0000000084900000, 0x0000000084900000, 0x0000000084a00000|  0%| F|  |TAMS 0x0000000084900000| PB 0x0000000084900000| Untracked 
|  74|0x0000000084a00000, 0x0000000084a00000, 0x0000000084b00000|  0%| F|  |TAMS 0x0000000084a00000| PB 0x0000000084a00000| Untracked 
|  75|0x0000000084b00000, 0x0000000084b00000, 0x0000000084c00000|  0%| F|  |TAMS 0x0000000084b00000| PB 0x0000000084b00000| Untracked 
|  76|0x0000000084c00000, 0x0000000084c00000, 0x0000000084d00000|  0%| F|  |TAMS 0x0000000084c00000| PB 0x0000000084c00000| Untracked 
| 116|0x0000000087400000, 0x0000000087400000, 0x0000000087500000|  0%| F|  |TAMS 0x0000000087400000| PB 0x0000000087400000| Untracked 
| 117|0x0000000087500000, 0x0000000087500000, 0x0000000087600000|  0%| F|  |TAMS 0x0000000087500000| PB 0x0000000087500000| Untracked 
| 118|0x0000000087600000, 0x0000000087600000, 0x0000000087700000|  0%| F|  |TAMS 0x0000000087600000| PB 0x0000000087600000| Untracked 
| 119|0x0000000087700000, 0x0000000087700000, 0x0000000087800000|  0%| F|  |TAMS 0x0000000087700000| PB 0x0000000087700000| Untracked 
| 120|0x0000000087800000, 0x0000000087800000, 0x0000000087900000|  0%| F|  |TAMS 0x0000000087800000| PB 0x0000000087800000| Untracked 
| 124|0x0000000087c00000, 0x0000000087c00000, 0x0000000087d00000|  0%| F|  |TAMS 0x0000000087c00000| PB 0x0000000087c00000| Untracked 
| 125|0x0000000087d00000, 0x0000000087d00000, 0x0000000087e00000|  0%| F|  |TAMS 0x0000000087d00000| PB 0x0000000087d00000| Untracked 

Card table byte_map: [0x000001f955360000,0x000001f955760000] _byte_map_base: 0x000001f954f60000

Marking Bits: (CMBitMap*) 0x000001f942a88470
 Bits: [0x000001f955760000, 0x000001f957760000)

Polling page: 0x000001f9408d0000

Metaspace:

Usage:
  Non-class:     27.85 MB used.
      Class:      4.83 MB used.
       Both:     32.69 MB used.

Virtual space:
  Non-class space:       64.00 MB reserved,      28.56 MB ( 45%) committed,  1 nodes.
      Class space:      416.00 MB reserved,       5.44 MB (  1%) committed,  1 nodes.
             Both:      480.00 MB reserved,      34.00 MB (  7%) committed. 

Chunk freelists:
   Non-Class:  3.48 MB
       Class:  10.50 MB
        Both:  13.98 MB

MaxMetaspaceSize: 512.00 MB
CompressedClassSpaceSize: 416.00 MB
Initial GC threshold: 21.00 MB
Current GC threshold: 35.25 MB
CDS: on
 - commit_granule_bytes: 65536.
 - commit_granule_words: 8192.
 - virtual_space_node_default_size: 8388608.
 - enlarge_chunks_in_place: 1.
 - use_allocation_guard: 0.


Internal statistics:

num_allocs_failed_limit: 3.
num_arena_births: 2344.
num_arena_deaths: 0.
num_vsnodes_births: 2.
num_vsnodes_deaths: 0.
num_space_committed: 544.
num_space_uncommitted: 0.
num_chunks_returned_to_freelist: 3.
num_chunks_taken_from_freelist: 3944.
num_chunk_merges: 3.
num_chunk_splits: 2568.
num_chunks_enlarged: 1581.
num_inconsistent_stats: 0.

CodeHeap 'non-profiled nmethods': size=120000Kb used=2643Kb max_used=2643Kb free=117356Kb
 bounds [0x000001f94d700000, 0x000001f94d9a0000, 0x000001f954c30000]
CodeHeap 'profiled nmethods': size=120000Kb used=8762Kb max_used=8762Kb free=111237Kb
 bounds [0x000001f945c30000, 0x000001f9464c0000, 0x000001f94d160000]
CodeHeap 'non-nmethods': size=5760Kb used=1597Kb max_used=1642Kb free=4162Kb
 bounds [0x000001f94d160000, 0x000001f94d3d0000, 0x000001f94d700000]
CodeCache: size=245760Kb, used=13002Kb, max_used=13047Kb, free=232755Kb
 total_blobs=5115, nmethods=4513, adapters=506, full_count=0
Compilation: enabled, stopped_count=0, restarted_count=0

Compilation events (20 events):
Event: 695.950 Thread 0x000001f95a1a0820 nmethod 4542 0x000001f94d990910 code [0x000001f94d990dc0, 0x000001f94d9930d8]
Event: 696.268 Thread 0x000001f95a1de880 4544       3       jdk.internal.org.objectweb.asm.SymbolTable::hash (7 bytes)
Event: 696.269 Thread 0x000001f95a1de880 nmethod 4544 0x000001f9464bbb90 code [0x000001f9464bbd20, 0x000001f9464bbe18]
Event: 696.657 Thread 0x000001f95a1de880 4545       3       org.gradle.internal.instantiation.generator.AbstractClassGenerator::access$2400 (5 bytes)
Event: 696.658 Thread 0x000001f95a1de880 nmethod 4545 0x000001f9464bbe90 code [0x000001f9464bc040, 0x000001f9464bc158]
Event: 696.658 Thread 0x000001f95a1de880 4546       3       org.gradle.internal.instantiation.generator.AbstractClassGenerator::isNameProperty (46 bytes)
Event: 696.702 Thread 0x000001f95a1de880 nmethod 4546 0x000001f9464bc210 code [0x000001f9464bc480, 0x000001f9464bd0b0]
Event: 696.902 Thread 0x000001f95a1de880 4547       3       java.lang.invoke.MethodHandles$Lookup::getDirectConstructorNoSecurityManager (10 bytes)
Event: 696.903 Thread 0x000001f95a1de880 nmethod 4547 0x000001f9464bd490 code [0x000001f9464bd640, 0x000001f9464bd780]
Event: 700.104 Thread 0x000001f95a1a0820 4548       4       java.util.concurrent.LinkedBlockingDeque$Itr::nextNode (5 bytes)
Event: 700.105 Thread 0x000001f95a1a0820 nmethod 4548 0x000001f94d994710 code [0x000001f94d9948a0, 0x000001f94d994940]
Event: 700.106 Thread 0x000001f95a1de880 4549       3       java.util.concurrent.CopyOnWriteArrayList::indexOfRange (63 bytes)
Event: 700.107 Thread 0x000001f95a1de880 nmethod 4549 0x000001f9464bd810 code [0x000001f9464bda00, 0x000001f9464bde78]
Event: 700.383 Thread 0x000001f95a1a0820 4550       4       org.gradle.launcher.daemon.registry.PersistentDaemonRegistry$1::isSatisfiedBy (9 bytes)
Event: 700.824 Thread 0x000001f95a1a0820 nmethod 4550 0x000001f94d994a10 code [0x000001f94d994ba0, 0x000001f94d994c88]
Event: 702.050 Thread 0x000001f95a1a0820 4551   !   4       java.lang.ClassLoader::loadClass (121 bytes)
Event: 702.148 Thread 0x000001f95a1de880 4552       3       java.lang.ClassLoader::getClassLoadingLock (35 bytes)
Event: 702.150 Thread 0x000001f95a1de880 nmethod 4552 0x000001f9464be090 code [0x000001f9464be260, 0x000001f9464be540]
Event: 702.597 Thread 0x000001f95a1de880 4554       3       java.net.URL::<init> (8 bytes)
Event: 702.597 Thread 0x000001f95a1de880 nmethod 4554 0x000001f9464be690 code [0x000001f9464be840, 0x000001f9464be988]

GC Heap History (15 events):
Event: 12.860 GC heap before
{Heap before GC invocations=0 (full 0):
 garbage-first heap   total 129024K, used 23552K [0x0000000080000000, 0x0000000100000000)
  region size 1024K, 23 young (23552K), 0 survivors (0K)
 Metaspace       used 887K, committed 1024K, reserved 491520K
  class space    used 70K, committed 128K, reserved 425984K
}
Event: 15.597 GC heap after
{Heap after GC invocations=1 (full 0):
 garbage-first heap   total 129024K, used 1535K [0x0000000080000000, 0x0000000100000000)
  region size 1024K, 2 young (2048K), 2 survivors (2048K)
 Metaspace       used 887K, committed 1024K, reserved 491520K
  class space    used 70K, committed 128K, reserved 425984K
}
Event: 31.029 GC heap before
{Heap before GC invocations=1 (full 0):
 garbage-first heap   total 129024K, used 41471K [0x0000000080000000, 0x0000000100000000)
  region size 1024K, 37 young (37888K), 2 survivors (2048K)
 Metaspace       used 4591K, committed 4864K, reserved 491520K
  class space    used 585K, committed 704K, reserved 425984K
}
Event: 31.042 GC heap after
{Heap after GC invocations=2 (full 0):
 garbage-first heap   total 129024K, used 11425K [0x0000000080000000, 0x0000000100000000)
  region size 1024K, 5 young (5120K), 5 survivors (5120K)
 Metaspace       used 4591K, committed 4864K, reserved 491520K
  class space    used 585K, committed 704K, reserved 425984K
}
Event: 81.389 GC heap before
{Heap before GC invocations=2 (full 0):
 garbage-first heap   total 129024K, used 85153K [0x0000000080000000, 0x0000000100000000)
  region size 1024K, 75 young (76800K), 5 survivors (5120K)
 Metaspace       used 10060K, committed 10368K, reserved 491520K
  class space    used 1344K, committed 1472K, reserved 425984K
}
Event: 81.954 GC heap after
{Heap after GC invocations=3 (full 0):
 garbage-first heap   total 129024K, used 19761K [0x0000000080000000, 0x0000000100000000)
  region size 1024K, 10 young (10240K), 10 survivors (10240K)
 Metaspace       used 10060K, committed 10368K, reserved 491520K
  class space    used 1344K, committed 1472K, reserved 425984K
}
Event: 200.098 GC heap before
{Heap before GC invocations=3 (full 0):
 garbage-first heap   total 129024K, used 87345K [0x0000000080000000, 0x0000000100000000)
  region size 1024K, 75 young (76800K), 10 survivors (10240K)
 Metaspace       used 20268K, committed 20992K, reserved 491520K
  class space    used 2754K, committed 3072K, reserved 425984K
}
Event: 200.197 GC heap after
{Heap after GC invocations=4 (full 0):
 garbage-first heap   total 129024K, used 24487K [0x0000000080000000, 0x0000000100000000)
  region size 1024K, 5 young (5120K), 5 survivors (5120K)
 Metaspace       used 20268K, committed 20992K, reserved 491520K
  class space    used 2754K, committed 3072K, reserved 425984K
}
Event: 202.690 GC heap before
{Heap before GC invocations=4 (full 0):
 garbage-first heap   total 129024K, used 28583K [0x0000000080000000, 0x0000000100000000)
  region size 1024K, 10 young (10240K), 5 survivors (5120K)
 Metaspace       used 20852K, committed 21504K, reserved 491520K
  class space    used 2848K, committed 3200K, reserved 425984K
}
Event: 202.710 GC heap after
{Heap after GC invocations=5 (full 0):
 garbage-first heap   total 129024K, used 24404K [0x0000000080000000, 0x0000000100000000)
  region size 1024K, 5 young (5120K), 5 survivors (5120K)
 Metaspace       used 20852K, committed 21504K, reserved 491520K
  class space    used 2848K, committed 3200K, reserved 425984K
}
Event: 221.197 GC heap before
{Heap before GC invocations=6 (full 0):
 garbage-first heap   total 86016K, used 70484K [0x0000000080000000, 0x0000000100000000)
  region size 1024K, 50 young (51200K), 5 survivors (5120K)
 Metaspace       used 26562K, committed 27584K, reserved 491520K
  class space    used 3813K, committed 4288K, reserved 425984K
}
Event: 221.226 GC heap after
{Heap after GC invocations=7 (full 0):
 garbage-first heap   total 86016K, used 26807K [0x0000000080000000, 0x0000000100000000)
  region size 1024K, 4 young (4096K), 4 survivors (4096K)
 Metaspace       used 26562K, committed 27584K, reserved 491520K
  class space    used 3813K, committed 4288K, reserved 425984K
}
Event: 242.145 GC heap before
{Heap before GC invocations=7 (full 0):
 garbage-first heap   total 86016K, used 70839K [0x0000000080000000, 0x0000000100000000)
  region size 1024K, 47 young (48128K), 4 survivors (4096K)
 Metaspace       used 31827K, committed 33152K, reserved 491520K
  class space    used 4686K, committed 5312K, reserved 425984K
}
Event: 242.718 GC heap after
{Heap after GC invocations=8 (full 0):
 garbage-first heap   total 86016K, used 29179K [0x0000000080000000, 0x0000000100000000)
  region size 1024K, 6 young (6144K), 6 survivors (6144K)
 Metaspace       used 31827K, committed 33152K, reserved 491520K
  class space    used 4686K, committed 5312K, reserved 425984K
}
Event: 702.893 GC heap before
{Heap before GC invocations=8 (full 0):
 garbage-first heap   total 86016K, used 72187K [0x0000000080000000, 0x0000000100000000)
  region size 1024K, 48 young (49152K), 6 survivors (6144K)
 Metaspace       used 33471K, committed 34816K, reserved 491520K
  class space    used 4948K, committed 5568K, reserved 425984K
}

Dll operation events (20 events):
Event: 3.863 Attempting to load shared library C:\Users\harih\.antigravity-ide\extensions\redhat.java-1.56.0-win32-x64\jre\21.0.12.1-win32-x86_64\bin\nio.dll
Event: 3.863 Loaded shared library C:\Users\harih\.antigravity-ide\extensions\redhat.java-1.56.0-win32-x64\jre\21.0.12.1-win32-x86_64\bin\nio.dll
Event: 3.867 Attempting to load shared library C:\Users\harih\.antigravity-ide\extensions\redhat.java-1.56.0-win32-x64\jre\21.0.12.1-win32-x86_64\bin\zip.dll
Event: 3.867 Loaded shared library C:\Users\harih\.antigravity-ide\extensions\redhat.java-1.56.0-win32-x64\jre\21.0.12.1-win32-x86_64\bin\zip.dll
Event: 15.606 Attempting to load shared library C:\Users\harih\.antigravity-ide\extensions\redhat.java-1.56.0-win32-x64\jre\21.0.12.1-win32-x86_64\bin\jimage.dll
Event: 15.606 Loaded shared library C:\Users\harih\.antigravity-ide\extensions\redhat.java-1.56.0-win32-x64\jre\21.0.12.1-win32-x86_64\bin\jimage.dll
Event: 21.187 Attempting to load shared library C:\Users\harih\.antigravity-ide\extensions\redhat.java-1.56.0-win32-x64\jre\21.0.12.1-win32-x86_64\bin\verify.dll
Event: 21.188 Loaded shared library C:\Users\harih\.antigravity-ide\extensions\redhat.java-1.56.0-win32-x64\jre\21.0.12.1-win32-x86_64\bin\verify.dll
Event: 21.865 Attempting to load shared library C:\Users\harih\.gradle\native\660c5614fbf4a5f2a75b1949f50a0caf5cd603558e7d8a26e50b933a0cfb79d1\windows-amd64\native-platform.dll
Event: 21.866 Loaded shared library C:\Users\harih\.gradle\native\660c5614fbf4a5f2a75b1949f50a0caf5cd603558e7d8a26e50b933a0cfb79d1\windows-amd64\native-platform.dll
Event: 21.884 Attempting to load shared library C:\Users\harih\.gradle\native\0.2.8\x86_64-windows-gnu\gradle-fileevents.dll
Event: 21.885 Loaded shared library C:\Users\harih\.gradle\native\0.2.8\x86_64-windows-gnu\gradle-fileevents.dll
Event: 53.245 Attempting to load shared library C:\Users\harih\.antigravity-ide\extensions\redhat.java-1.56.0-win32-x64\jre\21.0.12.1-win32-x86_64\bin\management.dll
Event: 53.248 Loaded shared library C:\Users\harih\.antigravity-ide\extensions\redhat.java-1.56.0-win32-x64\jre\21.0.12.1-win32-x86_64\bin\management.dll
Event: 53.253 Attempting to load shared library C:\Users\harih\.antigravity-ide\extensions\redhat.java-1.56.0-win32-x64\jre\21.0.12.1-win32-x86_64\bin\management_ext.dll
Event: 53.254 Loaded shared library C:\Users\harih\.antigravity-ide\extensions\redhat.java-1.56.0-win32-x64\jre\21.0.12.1-win32-x86_64\bin\management_ext.dll
Event: 60.470 Attempting to load shared library C:\Users\harih\.antigravity-ide\extensions\redhat.java-1.56.0-win32-x64\jre\21.0.12.1-win32-x86_64\bin\extnet.dll
Event: 60.471 Loaded shared library C:\Users\harih\.antigravity-ide\extensions\redhat.java-1.56.0-win32-x64\jre\21.0.12.1-win32-x86_64\bin\extnet.dll
Event: 82.697 Attempting to load shared library C:\Users\harih\.antigravity-ide\extensions\redhat.java-1.56.0-win32-x64\jre\21.0.12.1-win32-x86_64\bin\sunmscapi.dll
Event: 82.707 Loaded shared library C:\Users\harih\.antigravity-ide\extensions\redhat.java-1.56.0-win32-x64\jre\21.0.12.1-win32-x86_64\bin\sunmscapi.dll

Deoptimization events (20 events):
Event: 695.018 Thread 0x000001f95a335020 Uncommon trap: trap_request=0xffffffde fr.pc=0x000001f94d774950 relative=0x0000000000001070
Event: 695.018 Thread 0x000001f95a335020 Uncommon trap: reason=class_check action=maybe_recompile pc=0x000001f94d774950 method=jdk.internal.loader.URLClassPath.getLoader(I)Ljdk/internal/loader/URLClassPath$Loader; @ 88 c2
Event: 695.018 Thread 0x000001f95a335020 DEOPT PACKING pc=0x000001f94d774950 sp=0x0000006c2b4fa130
Event: 695.018 Thread 0x000001f95a335020 DEOPT UNPACKING pc=0x000001f94d1b7ba2 sp=0x0000006c2b4fa120 mode 2
Event: 695.018 Thread 0x000001f95a335020 Uncommon trap: trap_request=0xffffffde fr.pc=0x000001f94d8a7c48 relative=0x00000000000040a8
Event: 695.019 Thread 0x000001f95a335020 Uncommon trap: reason=class_check action=maybe_recompile pc=0x000001f94d8a7c48 method=jdk.internal.loader.URLClassPath.getResource(Ljava/lang/String;Z)Ljdk/internal/loader/Resource; @ 53 c2
Event: 695.019 Thread 0x000001f95a335020 DEOPT PACKING pc=0x000001f94d8a7c48 sp=0x0000006c2b4fa1f0
Event: 695.019 Thread 0x000001f95a335020 DEOPT UNPACKING pc=0x000001f94d1b7ba2 sp=0x0000006c2b4fa000 mode 2
Event: 695.357 Thread 0x000001f95a335020 Uncommon trap: trap_request=0xffffff45 fr.pc=0x000001f94d828998 relative=0x00000000000000f8
Event: 695.357 Thread 0x000001f95a335020 Uncommon trap: reason=unstable_if action=reinterpret pc=0x000001f94d828998 method=java.lang.ClassLoader.getClassLoadingLock(Ljava/lang/String;)Ljava/lang/Object; @ 6 c2
Event: 695.361 Thread 0x000001f95a335020 DEOPT PACKING pc=0x000001f94d828998 sp=0x0000006c2b4f8770
Event: 695.362 Thread 0x000001f95a335020 DEOPT UNPACKING pc=0x000001f94d1b7ba2 sp=0x0000006c2b4f8700 mode 2
Event: 695.452 Thread 0x000001f95a335020 Uncommon trap: trap_request=0xffffff45 fr.pc=0x000001f94d8b60bc relative=0x000000000000091c
Event: 695.452 Thread 0x000001f95a335020 Uncommon trap: reason=unstable_if action=reinterpret pc=0x000001f94d8b60bc method=java.lang.Class.getPackageName()Ljava/lang/String; @ 55 c2
Event: 695.452 Thread 0x000001f95a335020 DEOPT PACKING pc=0x000001f94d8b60bc sp=0x0000006c2b4f9db0
Event: 695.452 Thread 0x000001f95a335020 DEOPT UNPACKING pc=0x000001f94d1b7ba2 sp=0x0000006c2b4f9d80 mode 2
Event: 695.539 Thread 0x000001f95a335020 Uncommon trap: trap_request=0xffffffde fr.pc=0x000001f94d774c20 relative=0x0000000000001340
Event: 695.539 Thread 0x000001f95a335020 Uncommon trap: reason=class_check action=maybe_recompile pc=0x000001f94d774c20 method=jdk.internal.loader.URLClassPath.getLoader(I)Ljdk/internal/loader/URLClassPath$Loader; @ 190 c2
Event: 695.539 Thread 0x000001f95a335020 DEOPT PACKING pc=0x000001f94d774c20 sp=0x0000006c2b4f5360
Event: 695.539 Thread 0x000001f95a335020 DEOPT UNPACKING pc=0x000001f94d1b7ba2 sp=0x0000006c2b4f5360 mode 2

Classes loaded (20 events):
Event: 276.591 Loading class java/nio/file/Files$3
Event: 276.595 Loading class java/nio/file/Files$3 done
Event: 276.602 Loading class java/nio/file/FileVisitResult
Event: 276.605 Loading class java/nio/file/FileVisitResult done
Event: 280.897 Loading class java/util/stream/IntStream
Event: 280.898 Loading class java/util/stream/IntStream done
Event: 280.898 Loading class java/util/stream/Streams$RangeIntSpliterator
Event: 280.898 Loading class java/util/stream/Streams$RangeIntSpliterator done
Event: 280.899 Loading class java/util/stream/IntPipeline$Head
Event: 280.899 Loading class java/util/stream/IntPipeline
Event: 280.900 Loading class java/util/stream/IntPipeline done
Event: 280.900 Loading class java/util/stream/IntPipeline$Head done
Event: 694.942 Loading class jdk/internal/loader/URLClassPath$FileLoader
Event: 694.963 Loading class jdk/internal/loader/URLClassPath$FileLoader done
Event: 695.027 Loading class jdk/internal/loader/URLClassPath$FileLoader$1
Event: 695.029 Loading class jdk/internal/loader/URLClassPath$FileLoader$1 done
Event: 695.913 Loading class java/beans/Transient
Event: 695.914 Loading class java/beans/Transient done
Event: 702.178 Loading class java/util/EventListener
Event: 702.193 Loading class java/util/EventListener done

Classes unloaded (0 events):
No events

Classes redefined (0 events):
No events

Internal exceptions (20 events):
Event: 236.114 Thread 0x000001f95a335020 Exception <a 'java/lang/NoSuchMethodError'{0x00000000835392e0}: 'java.lang.Object java.lang.invoke.DirectMethodHandle$Holder.newInvokeSpecial(java.lang.Object, java.lang.Object, java.lang.Object, java.lang.Object, java.lang.Object, java.lang.Object, java.lang.Object, java.lang.Object, java.lang.Object, java.lang.Object, java.lang.Object, java.lang.Object, java.lang.Object, java.lang.Object, java.lang.Object)'> (0x00000000835392e0) 
thrown [s\src\hotspot\share\interpreter\linkResolver.cpp, line 773]
Event: 236.116 Thread 0x000001f95a335020 Exception <a 'java/lang/NoSuchMethodError'{0x000000008353f410}: 'java.lang.Object java.lang.invoke.DirectMethodHandle$Holder.invokeSpecial(java.lang.Object, java.lang.Object, java.lang.Object, java.lang.Object, java.lang.Object, java.lang.Object, java.lang.Object, java.lang.Object, java.lang.Object, java.lang.Object, java.lang.Object, java.lang.Object, java.lang.Object, java.lang.Object, java.lang.Object, java.lang.Object)'> (0x000000008353f410) 
thrown [s\src\hotspot\share\interpreter\linkResolver.cpp, li
Event: 236.116 Thread 0x000001f95a335020 Exception <a 'java/lang/NoSuchMethodError'{0x0000000083544690}: 'java.lang.Object java.lang.invoke.DelegatingMethodHandle$Holder.reinvoke_L(java.lang.Object, java.lang.Object, java.lang.Object, java.lang.Object, java.lang.Object, java.lang.Object, java.lang.Object, java.lang.Object, java.lang.Object, java.lang.Object, java.lang.Object, java.lang.Object, java.lang.Object, java.lang.Object, java.lang.Object)'> (0x0000000083544690) 
thrown [s\src\hotspot\share\interpreter\linkResolver.cpp, line 773]
Event: 238.749 Thread 0x000001f95a335020 Exception <a 'java/lang/NoSuchMethodError'{0x0000000082f2b970}: 'java.lang.Object java.lang.invoke.DelegatingMethodHandle$Holder.reinvoke_L(java.lang.Object, java.lang.Object, java.lang.Object, java.lang.Object, java.lang.Object, java.lang.Object, java.lang.Object, java.lang.Object, java.lang.Object, java.lang.Object, java.lang.Object, java.lang.Object, java.lang.Object, java.lang.Object, java.lang.Object, java.lang.Object, java.lang.Object, java.lang.Object, java.lang.Object, java.lang.Object, java.lang.O
Event: 239.262 Thread 0x000001f95a335020 Exception <a 'java/lang/NoSuchMethodError'{0x0000000082e26128}: 'java.lang.Object java.lang.invoke.DirectMethodHandle$Holder.invokeStatic(java.lang.Object, java.lang.Object, java.lang.Object, java.lang.Object, java.lang.Object, java.lang.Object, java.lang.Object, java.lang.Object, java.lang.Object, java.lang.Object, java.lang.Object, java.lang.Object, java.lang.Object, java.lang.Object, java.lang.Object, java.lang.Object, java.lang.Object, java.lang.Object, java.lang.Object, java.lang.Object, java.lang.Obj
Event: 239.269 Thread 0x000001f95a335020 Exception <a 'java/lang/NoSuchMethodError'{0x0000000082e5e948}: 'java.lang.Object java.lang.invoke.DirectMethodHandle$Holder.invokeStatic(java.lang.Object, java.lang.Object, java.lang.Object, java.lang.Object, java.lang.Object, java.lang.Object, java.lang.Object, java.lang.Object, java.lang.Object, java.lang.Object, java.lang.Object, java.lang.Object, java.lang.Object, java.lang.Object, java.lang.Object, java.lang.Object, java.lang.Object, java.lang.Object, java.lang.Object, java.lang.Object, java.lang.Obj
Event: 239.276 Thread 0x000001f95a335020 Exception <a 'java/lang/NoSuchMethodError'{0x0000000082e9a438}: 'java.lang.Object java.lang.invoke.DirectMethodHandle$Holder.invokeStatic(java.lang.Object, java.lang.Object, java.lang.Object, java.lang.Object, java.lang.Object, java.lang.Object, java.lang.Object, java.lang.Object, java.lang.Object, java.lang.Object, java.lang.Object, java.lang.Object, java.lang.Object, java.lang.Object, java.lang.Object, java.lang.Object, java.lang.Object, java.lang.Object, java.lang.Object, java.lang.Object, java.lang.Obj
Event: 239.282 Thread 0x000001f95a335020 Exception <a 'java/lang/NoSuchMethodError'{0x0000000082ed7bb8}: 'java.lang.Object java.lang.invoke.DirectMethodHandle$Holder.invokeStatic(java.lang.Object, java.lang.Object, java.lang.Object, java.lang.Object, java.lang.Object, java.lang.Object, java.lang.Object, java.lang.Object, java.lang.Object, java.lang.Object, java.lang.Object, java.lang.Object, java.lang.Object, java.lang.Object, java.lang.Object, java.lang.Object, java.lang.Object, java.lang.Object, java.lang.Object, java.lang.Object, java.lang.Obj
Event: 240.025 Thread 0x000001f95a335020 Exception <a 'java/lang/NoSuchMethodError'{0x0000000082b80100}: 'java.lang.Object java.lang.invoke.DirectMethodHandle$Holder.newInvokeSpecial(java.lang.Object, java.lang.Object, java.lang.Object, java.lang.Object, java.lang.Object, java.lang.Object, java.lang.Object, java.lang.Object, java.lang.Object)'> (0x0000000082b80100) 
thrown [s\src\hotspot\share\interpreter\linkResolver.cpp, line 773]
Event: 244.344 Thread 0x000001f95a335020 Exception <a 'java/lang/IncompatibleClassChangeError'{0x0000000087d884a8}: Found class java.lang.Object, but interface was expected> (0x0000000087d884a8) 
thrown [s\src\hotspot\share\interpreter\linkResolver.cpp, line 840]
Event: 276.094 Thread 0x000001f97a67d180 Implicit null exception at 0x000001f94d86a681 to 0x000001f94d86ace4
Event: 276.449 Thread 0x000001f95a335020 Exception <a 'java/lang/NoSuchMethodError'{0x000000008751bef8}: 'java.lang.Object java.lang.invoke.DirectMethodHandle$Holder.newInvokeSpecial(java.lang.Object, java.lang.Object, long)'> (0x000000008751bef8) 
thrown [s\src\hotspot\share\interpreter\linkResolver.cpp, line 773]
Event: 276.450 Thread 0x000001f95a335020 Exception <a 'java/lang/NoSuchMethodError'{0x00000000875204e0}: 'java.lang.Object java.lang.invoke.Invokers$Holder.linkToTargetMethod(java.lang.Object, long, java.lang.Object)'> (0x00000000875204e0) 
thrown [s\src\hotspot\share\interpreter\linkResolver.cpp, line 773]
Event: 280.858 Thread 0x000001f95a335020 Exception <a 'java/lang/NoSuchMethodError'{0x0000000084c5c3a0}: 'int java.lang.invoke.DirectMethodHandle$Holder.invokeInterface(java.lang.Object, java.lang.Object)'> (0x0000000084c5c3a0) 
thrown [s\src\hotspot\share\interpreter\linkResolver.cpp, line 773]
Event: 280.893 Thread 0x000001f95a335020 Exception <a 'java/lang/NoSuchMethodError'{0x0000000084cddae8}: 'java.lang.Object java.lang.invoke.DirectMethodHandle$Holder.invokeVirtual(java.lang.Object, java.lang.Object, int)'> (0x0000000084cddae8) 
thrown [s\src\hotspot\share\interpreter\linkResolver.cpp, line 773]
Event: 289.696 Thread 0x000001f95a335020 Exception <a 'java/lang/NoSuchMethodError'{0x0000000084a3b1f0}: 'java.lang.Object java.lang.invoke.DirectMethodHandle$Holder.invokeStatic(java.lang.Object, java.lang.Object, int, java.lang.Object)'> (0x0000000084a3b1f0) 
thrown [s\src\hotspot\share\interpreter\linkResolver.cpp, line 773]
Event: 289.702 Thread 0x000001f95a335020 Exception <a 'java/lang/NoSuchMethodError'{0x0000000084a425d8}: 'java.lang.Object java.lang.invoke.DirectMethodHandle$Holder.newInvokeSpecial(java.lang.Object, java.lang.Object, int, java.lang.Object)'> (0x0000000084a425d8) 
thrown [s\src\hotspot\share\interpreter\linkResolver.cpp, line 773]
Event: 289.704 Thread 0x000001f95a335020 Exception <a 'java/lang/NoSuchMethodError'{0x0000000084a46d00}: 'java.lang.Object java.lang.invoke.DirectMethodHandle$Holder.invokeSpecial(java.lang.Object, java.lang.Object, java.lang.Object, int, java.lang.Object)'> (0x0000000084a46d00) 
thrown [s\src\hotspot\share\interpreter\linkResolver.cpp, line 773]
Event: 694.758 Thread 0x000001f95a335020 Exception <a 'java/lang/NoSuchMethodError'{0x0000000082eef1b8}: 'void java.lang.invoke.DirectMethodHandle$Holder.invokeInterface(java.lang.Object, java.lang.Object, java.lang.Object, java.lang.Object, java.lang.Object, java.lang.Object, java.lang.Object)'> (0x0000000082eef1b8) 
thrown [s\src\hotspot\share\interpreter\linkResolver.cpp, line 773]
Event: 694.835 Thread 0x000001f95a335020 Exception <a 'java/lang/NoSuchMethodError'{0x0000000082ef3ad0}: 'void java.lang.invoke.DelegatingMethodHandle$Holder.reinvoke_L(java.lang.Object, java.lang.Object, java.lang.Object, java.lang.Object, java.lang.Object, java.lang.Object, java.lang.Object)'> (0x0000000082ef3ad0) 
thrown [s\src\hotspot\share\interpreter\linkResolver.cpp, line 773]

ZGC Phase Switch (0 events):
No events

VM Operations (20 events):
Event: 652.492 Executing safepoint VM operation: Cleanup done
Event: 654.491 Executing safepoint VM operation: Cleanup
Event: 655.959 Executing safepoint VM operation: Cleanup done
Event: 673.052 Executing safepoint VM operation: Cleanup
Event: 673.165 Executing safepoint VM operation: Cleanup done
Event: 692.281 Executing safepoint VM operation: Cleanup
Event: 692.281 Executing safepoint VM operation: Cleanup done
Event: 693.296 Executing safepoint VM operation: Cleanup
Event: 693.391 Executing safepoint VM operation: Cleanup done
Event: 695.281 Executing non-safepoint VM operation: HandshakeAllThreads (Deoptimize)
Event: 695.287 Executing non-safepoint VM operation: HandshakeAllThreads (Deoptimize) done
Event: 695.287 Executing safepoint VM operation: Cleanup
Event: 695.287 Executing safepoint VM operation: Cleanup done
Event: 695.297 Executing non-safepoint VM operation: HandshakeAllThreads (Deoptimize)
Event: 695.298 Executing non-safepoint VM operation: HandshakeAllThreads (Deoptimize) done
Event: 696.306 Executing safepoint VM operation: Cleanup
Event: 696.434 Executing safepoint VM operation: Cleanup done
Event: 697.446 Executing safepoint VM operation: Cleanup
Event: 697.905 Executing safepoint VM operation: Cleanup done
Event: 702.893 Executing safepoint VM operation: G1CollectForAllocation (G1 Evacuation Pause)

Memory protections (0 events):
No events

Nmethod flushes (0 events):
No events

Events (20 events):
Event: 106.371 Thread 0x000001f95a335020 Thread added: 0x000001f97a67dea0
Event: 107.235 Thread 0x000001f95a335020 Thread added: 0x000001f97a67b740
Event: 136.557 Thread 0x000001f95a335020 Thread added: 0x000001f97a67d180
Event: 137.896 Thread 0x000001f95a335020 Thread added: 0x000001f97a67d810
Event: 141.391 Thread 0x000001f97a67d810 Thread added: 0x000001f97a67c460
Event: 142.848 Thread 0x000001f95a335020 Thread added: 0x000001f97a67bdd0
Event: 211.529 Thread 0x000001f97a67c460 Thread exited: 0x000001f97a67c460
Event: 214.535 Thread 0x000001f95a335020 Thread added: 0x000001f97a694410
Event: 215.321 Thread 0x000001f95a335020 Thread added: 0x000001f97a691620
Event: 216.763 Thread 0x000001f97a67d810 Thread added: 0x000001f97a695130
Event: 220.227 Thread 0x000001f95a335020 Thread added: 0x000001f97a6936f0
Event: 220.336 Thread 0x000001f95a335020 Thread added: 0x000001f97a693d80
Event: 224.505 Thread 0x000001f95a335020 Thread added: 0x000001f97a694aa0
Event: 225.830 Thread 0x000001f95a335020 Thread added: 0x000001f97a691cb0
Event: 235.742 Thread 0x000001f95a335020 Thread added: 0x000001f97a6957c0
Event: 237.784 Thread 0x000001f95a335020 Thread added: 0x000001f97a693060
Event: 289.802 Thread 0x000001f95a335020 Thread added: 0x000001f97a692340
Event: 355.374 Thread 0x000001f97a695130 Thread exited: 0x000001f97a695130
Event: 649.356 Thread 0x000001f97a67d810 Thread added: 0x000001f97a695130
Event: 653.527 Thread 0x000001f95a335020 Thread added: 0x000001f97a695e50


Dynamic libraries:
0x00007ff64c4a0000 - 0x00007ff64c4ae000 	C:\Users\harih\.antigravity-ide\extensions\redhat.java-1.56.0-win32-x64\jre\21.0.12.1-win32-x86_64\bin\java.exe
0x00007ffb98560000 - 0x00007ffb987c7000 	C:\WINDOWS\SYSTEM32\ntdll.dll
0x00007ffb97440000 - 0x00007ffb9750b000 	C:\WINDOWS\System32\KERNEL32.DLL
0x00007ffb95850000 - 0x00007ffb95c52000 	C:\WINDOWS\System32\KERNELBASE.dll
0x00007ffb95ea0000 - 0x00007ffb95fec000 	C:\WINDOWS\System32\ucrtbase.dll
0x00007ffb7d3a0000 - 0x00007ffb7d3be000 	C:\Users\harih\.antigravity-ide\extensions\redhat.java-1.56.0-win32-x64\jre\21.0.12.1-win32-x86_64\bin\VCRUNTIME140.dll
0x00007ffb82be0000 - 0x00007ffb82bf8000 	C:\Users\harih\.antigravity-ide\extensions\redhat.java-1.56.0-win32-x64\jre\21.0.12.1-win32-x86_64\bin\jli.dll
0x00007ffb962f0000 - 0x00007ffb964bf000 	C:\WINDOWS\System32\USER32.dll
0x00007ffb7ae10000 - 0x00007ffb7b0a0000 	C:\WINDOWS\WinSxS\amd64_microsoft.windows.common-controls_6595b64144ccf1df_6.0.26100.9278_none_3e0d1ba8e3303201\COMCTL32.dll
0x00007ffb95760000 - 0x00007ffb95787000 	C:\WINDOWS\System32\win32u.dll
0x00007ffb96530000 - 0x00007ffb965d9000 	C:\WINDOWS\System32\msvcrt.dll
0x00007ffb98060000 - 0x00007ffb9808b000 	C:\WINDOWS\System32\GDI32.dll
0x00007ffb96150000 - 0x00007ffb96279000 	C:\WINDOWS\System32\gdi32full.dll
0x00007ffb95df0000 - 0x00007ffb95e93000 	C:\WINDOWS\System32\msvcp_win.dll
0x00007ffb97710000 - 0x00007ffb97741000 	C:\WINDOWS\System32\IMM32.DLL
0x00007ffb8c160000 - 0x00007ffb8c16c000 	C:\Users\harih\.antigravity-ide\extensions\redhat.java-1.56.0-win32-x64\jre\21.0.12.1-win32-x86_64\bin\vcruntime140_1.dll
0x00007ffb49fa0000 - 0x00007ffb4a02d000 	C:\Users\harih\.antigravity-ide\extensions\redhat.java-1.56.0-win32-x64\jre\21.0.12.1-win32-x86_64\bin\msvcp140.dll
0x00007ffb1ebf0000 - 0x00007ffb1f992000 	C:\Users\harih\.antigravity-ide\extensions\redhat.java-1.56.0-win32-x64\jre\21.0.12.1-win32-x86_64\bin\server\jvm.dll
0x00007ffb97bc0000 - 0x00007ffb97c7c000 	C:\WINDOWS\System32\ADVAPI32.dll
0x00007ffb97f20000 - 0x00007ffb97fc9000 	C:\WINDOWS\System32\sechost.dll
0x00007ffb97220000 - 0x00007ffb97338000 	C:\WINDOWS\System32\RPCRT4.dll
0x00007ffb97fd0000 - 0x00007ffb98050000 	C:\WINDOWS\System32\WS2_32.dll
0x00007ffb955c0000 - 0x00007ffb9561e000 	C:\WINDOWS\SYSTEM32\POWRPROF.dll
0x00007ffb84760000 - 0x00007ffb8476b000 	C:\WINDOWS\SYSTEM32\VERSION.dll
0x00007ffb8c3b0000 - 0x00007ffb8c3e6000 	C:\WINDOWS\SYSTEM32\WINMM.dll
0x00007ffb955a0000 - 0x00007ffb955b5000 	C:\WINDOWS\SYSTEM32\UMPDC.dll
0x00007ffb94430000 - 0x00007ffb9444b000 	C:\WINDOWS\SYSTEM32\kernel.appcore.dll
0x00007ffb858e0000 - 0x00007ffb858ea000 	C:\Users\harih\.antigravity-ide\extensions\redhat.java-1.56.0-win32-x64\jre\21.0.12.1-win32-x86_64\bin\jimage.dll
0x00007ffb923b0000 - 0x00007ffb925fc000 	C:\WINDOWS\SYSTEM32\DBGHELP.DLL
0x00007ffb96d80000 - 0x00007ffb97105000 	C:\WINDOWS\System32\combase.dll
0x00007ffb97510000 - 0x00007ffb975e9000 	C:\WINDOWS\System32\OLEAUT32.dll
0x00007ffb8c370000 - 0x00007ffb8c3ab000 	C:\WINDOWS\SYSTEM32\dbgcore.DLL
0x00007ffb95790000 - 0x00007ffb9583c000 	C:\WINDOWS\System32\bcryptPrimitives.dll
0x00007ffb855c0000 - 0x00007ffb855cf000 	C:\Users\harih\.antigravity-ide\extensions\redhat.java-1.56.0-win32-x64\jre\21.0.12.1-win32-x86_64\bin\instrument.dll
0x00007ffb7c530000 - 0x00007ffb7c550000 	C:\Users\harih\.antigravity-ide\extensions\redhat.java-1.56.0-win32-x64\jre\21.0.12.1-win32-x86_64\bin\java.dll
0x00007ffb965e0000 - 0x00007ffb96d78000 	C:\WINDOWS\System32\SHELL32.dll
0x00007ffb931c0000 - 0x00007ffb93a6e000 	C:\WINDOWS\SYSTEM32\windows.storage.dll
0x00007ffb97340000 - 0x00007ffb9743b000 	C:\WINDOWS\System32\SHCORE.dll
0x00007ffb96280000 - 0x00007ffb962e6000 	C:\WINDOWS\System32\shlwapi.dll
0x00007ffb95680000 - 0x00007ffb956a9000 	C:\WINDOWS\SYSTEM32\profapi.dll
0x00007ffb762e0000 - 0x00007ffb762f8000 	C:\Users\harih\.antigravity-ide\extensions\redhat.java-1.56.0-win32-x64\jre\21.0.12.1-win32-x86_64\bin\zip.dll
0x00007ffb853c0000 - 0x00007ffb853d0000 	C:\Users\harih\.antigravity-ide\extensions\redhat.java-1.56.0-win32-x64\jre\21.0.12.1-win32-x86_64\bin\net.dll
0x00007ffb855f0000 - 0x00007ffb8571a000 	C:\WINDOWS\SYSTEM32\WINHTTP.dll
0x00007ffb949f0000 - 0x00007ffb94a5c000 	C:\WINDOWS\system32\mswsock.dll
0x00007ffb75150000 - 0x00007ffb75166000 	C:\Users\harih\.antigravity-ide\extensions\redhat.java-1.56.0-win32-x64\jre\21.0.12.1-win32-x86_64\bin\nio.dll
0x00007ffb82fe0000 - 0x00007ffb82ff0000 	C:\Users\harih\.antigravity-ide\extensions\redhat.java-1.56.0-win32-x64\jre\21.0.12.1-win32-x86_64\bin\verify.dll
0x00007ffb8c130000 - 0x00007ffb8c157000 	C:\Users\harih\.gradle\native\660c5614fbf4a5f2a75b1949f50a0caf5cd603558e7d8a26e50b933a0cfb79d1\windows-amd64\native-platform.dll
0x00007ffb603f0000 - 0x00007ffb60467000 	C:\Users\harih\.gradle\native\0.2.8\x86_64-windows-gnu\gradle-fileevents.dll
0x00007ffb85430000 - 0x00007ffb8543a000 	C:\Users\harih\.antigravity-ide\extensions\redhat.java-1.56.0-win32-x64\jre\21.0.12.1-win32-x86_64\bin\management.dll
0x00007ffb85420000 - 0x00007ffb8542c000 	C:\Users\harih\.antigravity-ide\extensions\redhat.java-1.56.0-win32-x64\jre\21.0.12.1-win32-x86_64\bin\management_ext.dll
0x00007ffb97e80000 - 0x00007ffb97e88000 	C:\WINDOWS\System32\PSAPI.DLL
0x00007ffb93e90000 - 0x00007ffb93ec3000 	C:\WINDOWS\SYSTEM32\IPHLPAPI.DLL
0x00007ffb97f10000 - 0x00007ffb97f1a000 	C:\WINDOWS\System32\NSI.dll
0x00007ffb750c0000 - 0x00007ffb750c9000 	C:\Users\harih\.antigravity-ide\extensions\redhat.java-1.56.0-win32-x64\jre\21.0.12.1-win32-x86_64\bin\extnet.dll
0x00007ffb94ce0000 - 0x00007ffb94cfb000 	C:\WINDOWS\SYSTEM32\CRYPTSP.dll
0x00007ffb94390000 - 0x00007ffb943c9000 	C:\WINDOWS\system32\rsaenh.dll
0x00007ffb94aa0000 - 0x00007ffb94ad4000 	C:\WINDOWS\SYSTEM32\USERENV.dll
0x00007ffb95650000 - 0x00007ffb9567a000 	C:\WINDOWS\SYSTEM32\bcrypt.dll
0x00007ffb94d00000 - 0x00007ffb94d0c000 	C:\WINDOWS\SYSTEM32\CRYPTBASE.dll
0x00007ffb750e0000 - 0x00007ffb750ee000 	C:\Users\harih\.antigravity-ide\extensions\redhat.java-1.56.0-win32-x64\jre\21.0.12.1-win32-x86_64\bin\sunmscapi.dll
0x00007ffb95c60000 - 0x00007ffb95dde000 	C:\WINDOWS\System32\CRYPT32.dll
0x00007ffb94f20000 - 0x00007ffb94f50000 	C:\WINDOWS\SYSTEM32\ncrypt.dll
0x00007ffb94ed0000 - 0x00007ffb94f0f000 	C:\WINDOWS\SYSTEM32\NTASN1.dll
0x00007ffb1cb60000 - 0x00007ffb1cb68000 	C:\WINDOWS\system32\wshunix.dll

JVMTI agents:
C:\Users\harih\.gradle\wrapper\dists\gradle-9.3.1-bin\23ovyewtku6u96viwx3xl3oks\gradle-9.3.1\lib\agents\gradle-instrumentation-agent-9.3.1.jar path:C:\Users\harih\.antigravity-ide\extensions\redhat.java-1.56.0-win32-x64\jre\21.0.12.1-win32-x86_64\bin\instrument.dll, loaded, initialized, instrumentlib options:none

dbghelp: loaded successfully - version: 4.0.5 - missing functions: none
symbol engine: initialized successfully - sym options: 0x614 - pdb path: .;C:\Users\harih\.antigravity-ide\extensions\redhat.java-1.56.0-win32-x64\jre\21.0.12.1-win32-x86_64\bin;C:\WINDOWS\SYSTEM32;C:\WINDOWS\WinSxS\amd64_microsoft.windows.common-controls_6595b64144ccf1df_6.0.26100.9278_none_3e0d1ba8e3303201;C:\Users\harih\.antigravity-ide\extensions\redhat.java-1.56.0-win32-x64\jre\21.0.12.1-win32-x86_64\bin\server;C:\Users\harih\.gradle\native\660c5614fbf4a5f2a75b1949f50a0caf5cd603558e7d8a26e50b933a0cfb79d1\windows-amd64;C:\Users\harih\.gradle\native\0.2.8\x86_64-windows-gnu

VM Arguments:
jvm_args: --add-opens=java.base/java.lang=ALL-UNNAMED --add-opens=java.base/java.lang.invoke=ALL-UNNAMED --add-opens=java.base/java.util=ALL-UNNAMED --add-opens=java.prefs/java.util.prefs=ALL-UNNAMED --add-exports=jdk.compiler/com.sun.tools.javac.api=ALL-UNNAMED --add-exports=jdk.compiler/com.sun.tools.javac.util=ALL-UNNAMED --add-opens=java.base/java.util=ALL-UNNAMED --add-opens=java.prefs/java.util.prefs=ALL-UNNAMED --add-opens=java.base/java.nio.charset=ALL-UNNAMED --add-opens=java.base/java.net=ALL-UNNAMED --add-opens=java.base/java.util.concurrent=ALL-UNNAMED --add-opens=java.base/java.util.concurrent.atomic=ALL-UNNAMED --add-opens=java.xml/javax.xml.namespace=ALL-UNNAMED --add-opens=java.base/java.time=ALL-UNNAMED -XX:MaxMetaspaceSize=512m -Xmx2048m -Dfile.encoding=UTF-8 -Duser.country=IN -Duser.language=en -Duser.variant -javaagent:C:\Users\harih\.gradle\wrapper\dists\gradle-9.3.1-bin\23ovyewtku6u96viwx3xl3oks\gradle-9.3.1\lib\agents\gradle-instrumentation-agent-9.3.1.jar 
java_command: org.gradle.launcher.daemon.bootstrap.GradleDaemon 9.3.1
java_class_path (initial): C:\Users\harih\.gradle\wrapper\dists\gradle-9.3.1-bin\23ovyewtku6u96viwx3xl3oks\gradle-9.3.1\lib\gradle-daemon-main-9.3.1.jar
Launcher Type: SUN_STANDARD

[Global flags]
     intx CICompilerCount                          = 4                                         {product} {ergonomic}
   size_t CompressedClassSpaceSize                 = 436207616                                 {product} {ergonomic}
     uint ConcGCThreads                            = 2                                         {product} {ergonomic}
     uint G1ConcRefinementThreads                  = 8                                         {product} {ergonomic}
   size_t G1HeapRegionSize                         = 1048576                                   {product} {ergonomic}
    uintx GCDrainStackTargetSize                   = 64                                        {product} {ergonomic}
   size_t InitialHeapSize                          = 132120576                                 {product} {ergonomic}
   size_t MarkStackSize                            = 4194304                                   {product} {ergonomic}
   size_t MaxHeapSize                              = 2147483648                                {product} {command line}
   size_t MaxMetaspaceSize                         = 536870912                                 {product} {command line}
   size_t MaxNewSize                               = 1287651328                                {product} {ergonomic}
   size_t MinHeapDeltaBytes                        = 1048576                                   {product} {ergonomic}
   size_t MinHeapSize                              = 8388608                                   {product} {ergonomic}
    uintx NonNMethodCodeHeapSize                   = 5839372                                {pd product} {ergonomic}
    uintx NonProfiledCodeHeapSize                  = 122909434                              {pd product} {ergonomic}
    uintx ProfiledCodeHeapSize                     = 122909434                              {pd product} {ergonomic}
    uintx ReservedCodeCacheSize                    = 251658240                              {pd product} {ergonomic}
     bool SegmentedCodeCache                       = true                                      {product} {ergonomic}
   size_t SoftMaxHeapSize                          = 2147483648                             {manageable} {ergonomic}
     bool UseCompressedOops                        = true                           {product lp64_product} {ergonomic}
     bool UseG1GC                                  = true                                      {product} {ergonomic}
     bool UseLargePagesIndividualAllocation        = false                                  {pd product} {ergonomic}

Logging:
Log output configuration:
 #0: stdout all=warning uptime,level,tags foldmultilines=false
 #1: stderr all=off uptime,level,tags foldmultilines=false

Release file:
JAVA_VERSION="21.0.12.1" 
MODULES="java.base java.compiler java.datatransfer java.xml java.prefs java.desktop java.instrument java.logging java.management java.security.sasl java.naming java.rmi java.management.rmi java.net.http java.scripting java.security.jgss java.transaction.xa java.sql java.sql.rowset java.xml.crypto java.se java.smartcardio jdk.accessibility jdk.internal.jvmstat jdk.attach jdk.charsets jdk.internal.opt jdk.zipfs jdk.compiler jdk.crypto.ec jdk.crypto.cryptoki jdk.crypto.mscapi jdk.dynalink jdk.internal.ed jdk.editpad jdk.hotspot.agent jdk.httpserver jdk.internal.le jdk.internal.vm.ci jdk.internal.vm.compiler jdk.internal.vm.compiler.management jdk.jartool jdk.javadoc jdk.jcmd jdk.management jdk.management.agent jdk.jconsole jdk.jdeps jdk.jdwp.agent jdk.jdi jdk.jfr jdk.jshell jdk.jsobject jdk.jstatd jdk.localedata jdk.management.jfr jdk.naming.dns jdk.naming.rmi jdk.net jdk.nio.mapmode jdk.random jdk.sctp jdk.security.auth jdk.security.jgss jdk.unsupported jdk.unsupported.desktop jdk.xml.dom" 

Environment Variables:
JAVA_HOME=C:\Program Files\Microsoft\jdk-17.0.20.8-hotspot\
PATH=C:\Program Files\Microsoft\jdk-17.0.20.8-hotspot\bin;C:\Python313\Scripts\;C:\Python313\;C:\Program Files\Common Files\Oracle\Java\javapath;D:\oracle\product\10.2.0\db_1\bin;C:\Windows\system32;C:\Windows;C:\Windows\System32\Wbem;C:\Windows\System32\WindowsPowerShell\v1.0\;C:\Windows\System32\OpenSSH\;C:\Program Files (x86)\NVIDIA Corporation\PhysX\Common;C:\WINDOWS\system32;C:\WINDOWS;C:\WINDOWS\System32\Wbem;C:\WINDOWS\System32\WindowsPowerShell\v1.0\;C:\WINDOWS\System32\OpenSSH\;C:\Program Files\NVIDIA Corporation\NVIDIA NvDLISR;D:\nodejs\;C:\ProgramData\chocolatey\bin;C:\Program Files\dotnet\;C:\Program Files\Git LFS;C:\Program Files\Git\cmd;C:\Users\harih\AppData\Local\Microsoft\WindowsApps;C:\Users\harih\AppData\Local\Programs\Microsoft VS Code\bin;C:\Users\harih\AppData\Roaming\npm;C:\Users\harih\AppData\Local\Programs\Antigravity IDE\bin;C:\Users\harih\AppData\Local\GitHubDesktop\bin;C:\Users\harih\AppData\Local\Android\Sdk\platform-tools;C:\Users\harih\AppData\Local\Android\Sdk\emulator;C:\Users\harih\AppData\Local\Android\Sdk\tools;C:\Users\harih\AppData\Local\Android\Sdk\tools\bin;C:\Users\harih\AppData\Local\Android\Sdk\cmdline-tools\latest\bin;C:\Users\harih\AppData\Local\Programs\cursor\resources\app\bin
USERNAME=harih
OS=Windows_NT
PROCESSOR_IDENTIFIER=Intel64 Family 6 Model 140 Stepping 1, GenuineIntel
TMP=C:\Users\harih\AppData\Local\Temp
TEMP=C:\Users\harih\AppData\Local\Temp




Periodic native trim disabled

---------------  S Y S T E M  ---------------

OS:
 Windows 11 , 64 bit Build 26100 (10.0.26100.9444)
OS uptime: 1 days 10:51 hours
Hyper-V role detected

CPU: total 8 (initial active 8) (4 cores per cpu, 2 threads per core) family 6 model 140 stepping 1 microcode 0x9a, cx8, cmov, fxsr, ht, mmx, 3dnowpref, sse, sse2, sse3, ssse3, sse4.1, sse4.2, popcnt, lzcnt, tsc, tscinvbit, avx, avx2, aes, erms, clmul, bmi1, bmi2, adx, avx512f, avx512dq, avx512cd, avx512bw, avx512vl, sha, fma, vzeroupper, avx512_vpopcntdq, avx512_vpclmulqdq, avx512_vaes, avx512_vnni, clflush, clflushopt, clwb, avx512_vbmi2, avx512_vbmi, hv, rdtscp, rdpid, fsrm, gfni, avx512_bitalg, f16c, cet_ibt, cet_ss, avx512_ifma
Processor Information for processor 0
  Max Mhz: 2419, Current Mhz: 2419, Mhz Limit: 2419
Processor Information for processor 1
  Max Mhz: 2419, Current Mhz: 2419, Mhz Limit: 2419
Processor Information for processor 2
  Max Mhz: 2419, Current Mhz: 1209, Mhz Limit: 2419
Processor Information for processor 3
  Max Mhz: 2419, Current Mhz: 1209, Mhz Limit: 2419
Processor Information for processor 4
  Max Mhz: 2419, Current Mhz: 1209, Mhz Limit: 2419
Processor Information for processor 5
  Max Mhz: 2419, Current Mhz: 1209, Mhz Limit: 2419
Processor Information for processor 6
  Max Mhz: 2419, Current Mhz: 1209, Mhz Limit: 2419
Processor Information for processor 7
  Max Mhz: 2419, Current Mhz: 1209, Mhz Limit: 2419

Memory: 4k page, system-wide physical 7975M (190M free)
TotalPageFile size 32551M (AvailPageFile size 35M)
current process WorkingSet (physical memory assigned to process): 107M, peak: 134M
current process commit charge ("private bytes"): 269M, peak: 308M

vm_info: OpenJDK 64-Bit Server VM (21.0.12.1+1-LTS) for windows-amd64 JRE (21.0.12.1+1-LTS), built on 2026-08-18T00:00:00Z by "admin" with MS VC++ 17.12 (VS2022)

END.
