#
# There is insufficient memory for the Java Runtime Environment to continue.
# Native memory allocation (mmap) failed to map 41943040 bytes. Error detail: G1 virtual space
# Possible reasons:
#   The system is out of physical RAM or swap space
#   This process is running with CompressedOops enabled, and the Java Heap may be blocking the growth of the native heap
# Possible solutions:
#   Reduce memory load on the system
#   Increase physical memory or swap space
#   Check if swap backing store is full
#   Decrease Java heap size (-Xmx/-Xms)
#   Decrease number of Java threads
#   Decrease Java thread stack sizes (-Xss)
#   Set larger code cache with -XX:ReservedCodeCacheSize=
#   JVM is running with Unscaled Compressed Oops mode in which the Java heap is
#     placed in the first 4GB address space. The Java Heap base address is the
#     maximum limit for the native heap growth. Please use -XX:HeapBaseMinAddress
#     to set the Java Heap base and to place the Java Heap above 4GB virtual address.
# This output file may be truncated or incomplete.
#
#  Out of Memory Error (os_windows.cpp:3732), pid=5772, tid=20396
#
# JRE version: OpenJDK Runtime Environment Temurin-21.0.12.1+1 (21.0.12.1+1) (build 21.0.12.1+1-LTS)
# Java VM: OpenJDK 64-Bit Server VM Temurin-21.0.12.1+1 (21.0.12.1+1-LTS, mixed mode, sharing, tiered, compressed oops, compressed class ptrs, g1 gc, windows-amd64)
# No core dump will be written. Minidumps are not enabled by default on client versions of Windows
#

---------------  S U M M A R Y ------------

Command Line: --add-opens=java.base/java.lang=ALL-UNNAMED --add-opens=java.base/java.lang.invoke=ALL-UNNAMED --add-opens=java.base/java.util=ALL-UNNAMED --add-opens=java.prefs/java.util.prefs=ALL-UNNAMED --add-exports=jdk.compiler/com.sun.tools.javac.api=ALL-UNNAMED --add-exports=jdk.compiler/com.sun.tools.javac.util=ALL-UNNAMED --add-opens=java.base/java.util=ALL-UNNAMED --add-opens=java.prefs/java.util.prefs=ALL-UNNAMED --add-opens=java.base/java.nio.charset=ALL-UNNAMED --add-opens=java.base/java.net=ALL-UNNAMED --add-opens=java.base/java.util.concurrent=ALL-UNNAMED --add-opens=java.base/java.util.concurrent.atomic=ALL-UNNAMED --add-opens=java.xml/javax.xml.namespace=ALL-UNNAMED --add-opens=java.base/java.time=ALL-UNNAMED -XX:MaxMetaspaceSize=512m -Xmx2048m -Dfile.encoding=UTF-8 -Duser.country=IN -Duser.language=en -Duser.variant -javaagent:C:\Users\harih\.gradle\wrapper\dists\gradle-9.3.1-bin\23ovyewtku6u96viwx3xl3oks\gradle-9.3.1\lib\agents\gradle-instrumentation-agent-9.3.1.jar org.gradle.launcher.daemon.bootstrap.GradleDaemon 9.3.1

Host: 11th Gen Intel(R) Core(TM) i5-1135G7 @ 2.40GHz, 8 cores, 7G,  Windows 11 , 64 bit Build 26100 (10.0.26100.9444)
Time: Wed Sep 23 10:34:35 2026 India Standard Time elapsed time: 658.432100 seconds (0d 0h 10m 58s)

---------------  T H R E A D  ---------------

Current thread (0x000001b397c59200):  VMThread "VM Thread"          [id=20396, stack(0x0000004ca8d00000,0x0000004ca8e00000) (1024K)]

Stack: [0x0000004ca8d00000,0x0000004ca8e00000]
Native frames: (J=compiled Java code, j=interpreted, Vv=VM code, C=native code)
V  [jvm.dll+0x6d83e9]
V  [jvm.dll+0x8b5736]
V  [jvm.dll+0x8b7cee]
V  [jvm.dll+0x8b83d3]
V  [jvm.dll+0x284596]
V  [jvm.dll+0x6d4d05]
V  [jvm.dll+0x6c898a]
V  [jvm.dll+0x35f2f8]
V  [jvm.dll+0x366f36]
V  [jvm.dll+0x3b804e]
V  [jvm.dll+0x3b82f8]
V  [jvm.dll+0x33320c]
V  [jvm.dll+0x33329a]
V  [jvm.dll+0x377382]
V  [jvm.dll+0x375b1a]
V  [jvm.dll+0x332951]
V  [jvm.dll+0x37517a]
V  [jvm.dll+0x8be0c0]
V  [jvm.dll+0x8bf434]
V  [jvm.dll+0x8bf960]
V  [jvm.dll+0x8bfc03]
V  [jvm.dll+0x8600cd]
V  [jvm.dll+0x6d6c1d]
C  [ucrtbase.dll+0x2cd30]
C  [KERNEL32.DLL+0x2cd87]
C  [ntdll.dll+0xacaec]

VM_Operation (0x0000004caa5f5760): G1CollectForAllocation, mode: safepoint, requested by thread 0x000001b3b807f670


---------------  P R O C E S S  ---------------

Threads class SMR info:
_java_thread_list=0x000001b3bab1c360, length=37, elements={
0x000001b3ffd50a20, 0x000001b397c82e40, 0x000001b397c84950, 0x000001b397c866e0,
0x000001b397c89150, 0x000001b397c8b720, 0x000001b397c8fd80, 0x000001b397c90720,
0x000001b397ca3470, 0x000001b3b717e530, 0x000001b3b71fbe50, 0x000001b3b7fcefc0,
0x000001b3b8749fa0, 0x000001b3b7027760, 0x000001b3b7ed7bc0, 0x000001b3b8026f30,
0x000001b3b889e8a0, 0x000001b3b807f670, 0x000001b3b85121d0, 0x000001b3b8513580,
0x000001b3b8512860, 0x000001b3b8514fc0, 0x000001b3b8514930, 0x000001b3b8513c10,
0x000001b3ba0aae60, 0x000001b3ba0a9ab0, 0x000001b3ba0ab4f0, 0x000001b3ba0a9420,
0x000001b3ba0aa140, 0x000001b3ba0a8070, 0x000001b3ba0a8700, 0x000001b3b8512ef0,
0x000001b3b99e1f40, 0x000001b3b99e18b0, 0x000001b3b99e0b90, 0x000001b3b99e25d0,
0x000001b3b99e2c60
}

Java Threads: ( => current thread )
  0x000001b3ffd50a20 JavaThread "main"                              [_thread_blocked, id=30648, stack(0x0000004ca8600000,0x0000004ca8700000) (1024K)]
  0x000001b397c82e40 JavaThread "Reference Handler"          daemon [_thread_blocked, id=22532, stack(0x0000004ca8e00000,0x0000004ca8f00000) (1024K)]
  0x000001b397c84950 JavaThread "Finalizer"                  daemon [_thread_blocked, id=8748, stack(0x0000004ca8f00000,0x0000004ca9000000) (1024K)]
  0x000001b397c866e0 JavaThread "Signal Dispatcher"          daemon [_thread_blocked, id=2552, stack(0x0000004ca9000000,0x0000004ca9100000) (1024K)]
  0x000001b397c89150 JavaThread "Attach Listener"            daemon [_thread_blocked, id=12748, stack(0x0000004ca9100000,0x0000004ca9200000) (1024K)]
  0x000001b397c8b720 JavaThread "Service Thread"             daemon [_thread_blocked, id=9708, stack(0x0000004ca9200000,0x0000004ca9300000) (1024K)]
  0x000001b397c8fd80 JavaThread "Monitor Deflation Thread"   daemon [_thread_blocked, id=29652, stack(0x0000004ca9300000,0x0000004ca9400000) (1024K)]
  0x000001b397c90720 JavaThread "C2 CompilerThread0"         daemon [_thread_blocked, id=26132, stack(0x0000004ca9400000,0x0000004ca9500000) (1024K)]
  0x000001b397ca3470 JavaThread "C1 CompilerThread0"         daemon [_thread_blocked, id=21436, stack(0x0000004ca9500000,0x0000004ca9600000) (1024K)]
  0x000001b3b717e530 JavaThread "Common-Cleaner"             daemon [_thread_blocked, id=12084, stack(0x0000004ca9600000,0x0000004ca9700000) (1024K)]
  0x000001b3b71fbe50 JavaThread "Notification Thread"        daemon [_thread_blocked, id=29804, stack(0x0000004ca9700000,0x0000004ca9800000) (1024K)]
  0x000001b3b7fcefc0 JavaThread "Daemon health stats"               [_thread_blocked, id=14360, stack(0x0000004ca9d00000,0x0000004ca9e00000) (1024K)]
  0x000001b3b8749fa0 JavaThread "Incoming local TCP Connector on port 57331"        [_thread_in_native, id=12000, stack(0x0000004ca9f00000,0x0000004caa000000) (1024K)]
  0x000001b3b7027760 JavaThread "Daemon periodic checks"            [_thread_blocked, id=17736, stack(0x0000004caa000000,0x0000004caa100000) (1024K)]
  0x000001b3b7ed7bc0 JavaThread "Daemon"                            [_thread_blocked, id=30904, stack(0x0000004caa200000,0x0000004caa300000) (1024K)]
  0x000001b3b8026f30 JavaThread "Handler for socket connection from /127.0.0.1:57331 to /127.0.0.1:57341"        [_thread_in_native, id=19888, stack(0x0000004caa300000,0x0000004caa400000) (1024K)]
  0x000001b3b889e8a0 JavaThread "Cancel handler"                    [_thread_blocked, id=25408, stack(0x0000004caa400000,0x0000004caa500000) (1024K)]
  0x000001b3b807f670 JavaThread "Daemon worker"                     [_thread_blocked, id=26260, stack(0x0000004caa500000,0x0000004caa600000) (1024K)]
  0x000001b3b85121d0 JavaThread "Asynchronous log dispatcher for DefaultDaemonConnection: socket connection from /127.0.0.1:57331 to /127.0.0.1:57341"        [_thread_blocked, id=24016, stack(0x0000004caa600000,0x0000004caa700000) (1024K)]
  0x000001b3b8513580 JavaThread "Stdin handler"                     [_thread_blocked, id=16356, stack(0x0000004caa700000,0x0000004caa800000) (1024K)]
  0x000001b3b8512860 JavaThread "Daemon client event forwarder"        [_thread_blocked, id=3560, stack(0x0000004caa800000,0x0000004caa900000) (1024K)]
  0x000001b3b8514fc0 JavaThread "Cache worker for journal cache (C:\Users\harih\.gradle\caches\journal-1)"        [_thread_blocked, id=14548, stack(0x0000004ca9c00000,0x0000004ca9d00000) (1024K)]
  0x000001b3b8514930 JavaThread "File lock request listener"        [_thread_in_native, id=20280, stack(0x0000004ca9e00000,0x0000004ca9f00000) (1024K)]
  0x000001b3b8513c10 JavaThread "Cache worker for file hash cache (C:\Users\harih\.gradle\caches\9.3.1\fileHashes)"        [_thread_blocked, id=30728, stack(0x0000004caa900000,0x0000004caaa00000) (1024K)]
  0x000001b3ba0aae60 JavaThread "Cache worker for file hash cache (D:\RN\Perfex360_RN\android\.gradle\9.3.1\fileHashes)"        [_thread_blocked, id=14012, stack(0x0000004caab00000,0x0000004caac00000) (1024K)]
  0x000001b3ba0a9ab0 JavaThread "Cache worker for Build Output Cleanup Cache (D:\RN\Perfex360_RN\android\.gradle\buildOutputCleanup)"        [_thread_blocked, id=20036, stack(0x0000004caac00000,0x0000004caad00000) (1024K)]
  0x000001b3ba0ab4f0 JavaThread "File lock release action executor Thread 3"        [_thread_blocked, id=21304, stack(0x0000004caad00000,0x0000004caae00000) (1024K)]
  0x000001b3ba0a9420 JavaThread "File watcher server"        daemon [_thread_in_native, id=2892, stack(0x0000004caaf00000,0x0000004cab000000) (1024K)]
  0x000001b3ba0aa140 JavaThread "File watcher consumer"      daemon [_thread_blocked, id=27964, stack(0x0000004cab000000,0x0000004cab100000) (1024K)]
  0x000001b3ba0a8070 JavaThread "Cache worker for checksums cache (D:\RN\Perfex360_RN\android\.gradle\9.3.1\checksums)"        [_thread_blocked, id=23884, stack(0x0000004cab100000,0x0000004cab200000) (1024K)]
  0x000001b3ba0a8700 JavaThread "Cache worker for file content cache (C:\Users\harih\.gradle\caches\9.3.1\fileContent)"        [_thread_blocked, id=24288, stack(0x0000004cab200000,0x0000004cab300000) (1024K)]
  0x000001b3b8512ef0 JavaThread "Cache worker for cache directory md-supplier (C:\Users\harih\.gradle\caches\9.3.1\md-supplier)"        [_thread_blocked, id=17456, stack(0x0000004cab300000,0x0000004cab400000) (1024K)]
  0x000001b3b99e1f40 JavaThread "Cache worker for cache directory md-rule (C:\Users\harih\.gradle\caches\9.3.1\md-rule)"        [_thread_blocked, id=28264, stack(0x0000004cab400000,0x0000004cab500000) (1024K)]
  0x000001b3b99e18b0 JavaThread "jar transforms"                    [_thread_blocked, id=10764, stack(0x0000004caa100000,0x0000004caa200000) (1024K)]
  0x000001b3b99e0b90 JavaThread "jar transforms Thread 2"           [_thread_blocked, id=6960, stack(0x0000004cab500000,0x0000004cab600000) (1024K)]
  0x000001b3b99e25d0 JavaThread "jar transforms Thread 3"           [_thread_blocked, id=33160, stack(0x0000004caae00000,0x0000004caaf00000) (1024K)]
  0x000001b3b99e2c60 JavaThread "Cache worker for Build Output Cleanup Cache (D:\RN\Perfex360_RN\node_modules\@react-native\gradle-plugin\.gradle\buildOutputCleanup)"        [_thread_blocked, id=33284, stack(0x0000004cab600000,0x0000004cab700000) (1024K)]
Total: 37

Other Threads:
=>0x000001b397c59200 VMThread "VM Thread"                           [id=20396, stack(0x0000004ca8d00000,0x0000004ca8e00000) (1024K)]
  0x000001b397c46820 WatcherThread "VM Periodic Task Thread"        [id=29964, stack(0x0000004ca8c00000,0x0000004ca8d00000) (1024K)]
  0x000001b3ffda95e0 WorkerThread "GC Thread#0"                     [id=22468, stack(0x0000004ca8700000,0x0000004ca8800000) (1024K)]
  0x000001b3b7088f00 WorkerThread "GC Thread#1"                     [id=15556, stack(0x0000004ca9800000,0x0000004ca9900000) (1024K)]
  0x000001b3b72e1b40 WorkerThread "GC Thread#2"                     [id=6908, stack(0x0000004ca9900000,0x0000004ca9a00000) (1024K)]
  0x000001b3b751a8c0 WorkerThread "GC Thread#3"                     [id=13196, stack(0x0000004ca9a00000,0x0000004ca9b00000) (1024K)]
  0x000001b3b751ac70 WorkerThread "GC Thread#4"                     [id=17144, stack(0x0000004ca9b00000,0x0000004ca9c00000) (1024K)]
  0x000001b3b7d18900 WorkerThread "GC Thread#5"                     [id=1964, stack(0x0000004ca8300000,0x0000004ca8400000) (1024K)]
  0x000001b3b7d18cb0 WorkerThread "GC Thread#6"                     [id=2060, stack(0x0000004ca8400000,0x0000004ca8500000) (1024K)]
  0x000001b3b7d19060 WorkerThread "GC Thread#7"                     [id=24132, stack(0x0000004ca8500000,0x0000004ca8600000) (1024K)]
  0x000001b3ffdba4d0 ConcurrentGCThread "G1 Main Marker"            [id=3996, stack(0x0000004ca8800000,0x0000004ca8900000) (1024K)]
  0x000001b3ffdbb6f0 WorkerThread "G1 Conc#0"                       [id=25244, stack(0x0000004ca8900000,0x0000004ca8a00000) (1024K)]
  0x000001b3b7509390 WorkerThread "G1 Conc#1"                       [id=7132, stack(0x0000004caaa00000,0x0000004caab00000) (1024K)]
  0x000001b3ffe0e7b0 ConcurrentGCThread "G1 Refine#0"               [id=20596, stack(0x0000004ca8a00000,0x0000004ca8b00000) (1024K)]
  0x000001b397b17590 ConcurrentGCThread "G1 Service"                [id=25300, stack(0x0000004ca8b00000,0x0000004ca8c00000) (1024K)]
Total: 15

Threads with active compile tasks:
Total: 0

VM state: at safepoint (normal execution)

VM Mutex/Monitor currently owned by a thread:  ([mutex/lock_event])
[0x00007ffb1f8af5b0] Threads_lock - owner thread: 0x000001b397c59200
[0x00007ffb1f8af6b0] Heap_lock - owner thread: 0x000001b3b807f670

Heap address: 0x0000000080000000, size: 2048 MB, Compressed Oops mode: 32-bit

CDS archive(s) mapped at: [0x000001b398000000-0x000001b398ba0000-0x000001b398ba0000), size 12189696, SharedBaseAddress: 0x000001b398000000, ArchiveRelocationMode: 1.
Compressed class space mapped at: 0x000001b399000000-0x000001b3b3000000, reserved size: 436207616
Narrow klass base: 0x000001b398000000, Narrow klass shift: 0, Narrow klass range: 0x100000000

GC Precious Log:
 CardTable entry size: 512
 Card Set container configuration: InlinePtr #cards 5 size 8 Array Of Cards #cards 12 size 40 Howl #buckets 4 coarsen threshold 1843 Howl Bitmap #cards 512 size 80 coarsen threshold 460 Card regions per heap region 1 cards per card region 2048
 CPUs: 8 total, 8 available
 Memory: 7975M
 Large Page Support: Disabled
 NUMA Support: Disabled
 Compressed Oops: Enabled (32-bit)
 Heap Region Size: 1M
 Heap Min Capacity: 8M
 Heap Initial Capacity: 126M
 Heap Max Capacity: 2G
 Pre-touch: Disabled
 Parallel Workers: 8
 Concurrent Workers: 2
 Concurrent Refinement Workers: 8
 Periodic GC: Disabled

Heap:
 garbage-first heap   total 164864K, used 35309K [0x0000000080000000, 0x0000000100000000)
  region size 1024K, 1 young (1024K), 1 survivors (1024K)
 Metaspace       used 40184K, committed 41792K, reserved 491520K
  class space    used 5845K, committed 6656K, reserved 425984K

Heap Regions: E=young(eden), S=young(survivor), O=old, HS=humongous(starts), HC=humongous(continues), CS=collection set, F=free, TAMS=top-at-mark-start, PB=parsable bottom
|   0|0x0000000080000000, 0x0000000080100000, 0x0000000080100000|100%|HS|  |TAMS 0x0000000080000000| PB 0x0000000080000000| Complete 
|   1|0x0000000080100000, 0x0000000080200000, 0x0000000080200000|100%|HC|  |TAMS 0x0000000080100000| PB 0x0000000080100000| Complete 
|   2|0x0000000080200000, 0x0000000080300000, 0x0000000080300000|100%|HC|  |TAMS 0x0000000080200000| PB 0x0000000080200000| Complete 
|   3|0x0000000080300000, 0x0000000080400000, 0x0000000080400000|100%|HC|  |TAMS 0x0000000080300000| PB 0x0000000080300000| Complete 
|   4|0x0000000080400000, 0x0000000080500000, 0x0000000080500000|100%| O|  |TAMS 0x0000000080400000| PB 0x0000000080400000| Untracked 
|   5|0x0000000080500000, 0x0000000080600000, 0x0000000080600000|100%| O|  |TAMS 0x0000000080500000| PB 0x0000000080500000| Untracked 
|   6|0x0000000080600000, 0x0000000080700000, 0x0000000080700000|100%| O|  |TAMS 0x0000000080600000| PB 0x0000000080600000| Untracked 
|   7|0x0000000080700000, 0x0000000080700000, 0x0000000080800000|  0%| F|  |TAMS 0x0000000080700000| PB 0x0000000080700000| Untracked 
|   8|0x0000000080800000, 0x0000000080900000, 0x0000000080900000|100%| O|  |TAMS 0x0000000080800000| PB 0x0000000080800000| Untracked 
|   9|0x0000000080900000, 0x0000000080a00000, 0x0000000080a00000|100%| O|  |TAMS 0x0000000080900000| PB 0x0000000080900000| Untracked 
|  10|0x0000000080a00000, 0x0000000080b00000, 0x0000000080b00000|100%| O|  |TAMS 0x0000000080a00000| PB 0x0000000080a00000| Untracked 
|  11|0x0000000080b00000, 0x0000000080c00000, 0x0000000080c00000|100%| O|  |TAMS 0x0000000080b00000| PB 0x0000000080b00000| Untracked 
|  12|0x0000000080c00000, 0x0000000080d00000, 0x0000000080d00000|100%|HS|  |TAMS 0x0000000080c00000| PB 0x0000000080c00000| Complete 
|  13|0x0000000080d00000, 0x0000000080e00000, 0x0000000080e00000|100%| O|  |TAMS 0x0000000080d00000| PB 0x0000000080d00000| Untracked 
|  14|0x0000000080e00000, 0x0000000080f00000, 0x0000000080f00000|100%| O|  |TAMS 0x0000000080e00000| PB 0x0000000080e00000| Untracked 
|  15|0x0000000080f00000, 0x0000000081000000, 0x0000000081000000|100%| O|  |TAMS 0x0000000080f00000| PB 0x0000000080f00000| Untracked 
|  16|0x0000000081000000, 0x0000000081100000, 0x0000000081100000|100%| O|  |TAMS 0x0000000081000000| PB 0x0000000081000000| Untracked 
|  17|0x0000000081100000, 0x0000000081200000, 0x0000000081200000|100%| O|  |TAMS 0x0000000081100000| PB 0x0000000081100000| Untracked 
|  18|0x0000000081200000, 0x0000000081300000, 0x0000000081300000|100%| O|  |TAMS 0x0000000081200000| PB 0x0000000081200000| Untracked 
|  19|0x0000000081300000, 0x0000000081400000, 0x0000000081400000|100%| O|  |TAMS 0x0000000081300000| PB 0x0000000081300000| Untracked 
|  20|0x0000000081400000, 0x0000000081500000, 0x0000000081500000|100%| O|  |TAMS 0x0000000081400000| PB 0x0000000081400000| Untracked 
|  21|0x0000000081500000, 0x0000000081600000, 0x0000000081600000|100%| O|  |TAMS 0x0000000081500000| PB 0x0000000081500000| Untracked 
|  22|0x0000000081600000, 0x0000000081700000, 0x0000000081700000|100%| O|  |TAMS 0x0000000081600000| PB 0x0000000081600000| Untracked 
|  23|0x0000000081700000, 0x0000000081800000, 0x0000000081800000|100%| O|  |TAMS 0x0000000081700000| PB 0x0000000081700000| Untracked 
|  24|0x0000000081800000, 0x0000000081900000, 0x0000000081900000|100%| O|  |TAMS 0x0000000081800000| PB 0x0000000081800000| Untracked 
|  25|0x0000000081900000, 0x0000000081a00000, 0x0000000081a00000|100%| O|  |TAMS 0x0000000081900000| PB 0x0000000081900000| Untracked 
|  26|0x0000000081a00000, 0x0000000081b00000, 0x0000000081b00000|100%| O|  |TAMS 0x0000000081a00000| PB 0x0000000081a00000| Untracked 
|  27|0x0000000081b00000, 0x0000000081c00000, 0x0000000081c00000|100%| O|  |TAMS 0x0000000081b00000| PB 0x0000000081b00000| Untracked 
|  28|0x0000000081c00000, 0x0000000081d00000, 0x0000000081d00000|100%| O|  |TAMS 0x0000000081c00000| PB 0x0000000081c00000| Untracked 
|  29|0x0000000081d00000, 0x0000000081e00000, 0x0000000081e00000|100%| O|  |TAMS 0x0000000081d00000| PB 0x0000000081d00000| Untracked 
|  30|0x0000000081e00000, 0x0000000081f00000, 0x0000000081f00000|100%| O|  |TAMS 0x0000000081e00000| PB 0x0000000081e00000| Untracked 
|  31|0x0000000081f00000, 0x0000000082000000, 0x0000000082000000|100%| O|  |TAMS 0x0000000081f00000| PB 0x0000000081f00000| Untracked 
|  32|0x0000000082000000, 0x0000000082100000, 0x0000000082100000|100%| O|  |TAMS 0x0000000082000000| PB 0x0000000082000000| Untracked 
|  33|0x0000000082100000, 0x0000000082200000, 0x0000000082200000|100%| O|  |TAMS 0x0000000082100000| PB 0x0000000082100000| Untracked 
|  34|0x0000000082200000, 0x0000000082300000, 0x0000000082300000|100%| O|  |TAMS 0x0000000082200000| PB 0x0000000082200000| Untracked 
|  35|0x0000000082300000, 0x000000008232ad20, 0x0000000082400000| 16%| O|  |TAMS 0x0000000082300000| PB 0x0000000082300000| Untracked 
|  36|0x0000000082400000, 0x0000000082400000, 0x0000000082500000|  0%| F|  |TAMS 0x0000000082400000| PB 0x0000000082400000| Untracked 
|  37|0x0000000082500000, 0x0000000082500000, 0x0000000082600000|  0%| F|  |TAMS 0x0000000082500000| PB 0x0000000082500000| Untracked 
|  38|0x0000000082600000, 0x0000000082600000, 0x0000000082700000|  0%| F|  |TAMS 0x0000000082600000| PB 0x0000000082600000| Untracked 
|  39|0x0000000082700000, 0x0000000082700000, 0x0000000082800000|  0%| F|  |TAMS 0x0000000082700000| PB 0x0000000082700000| Untracked 
|  40|0x0000000082800000, 0x0000000082800000, 0x0000000082900000|  0%| F|  |TAMS 0x0000000082800000| PB 0x0000000082800000| Untracked 
|  41|0x0000000082900000, 0x0000000082900000, 0x0000000082a00000|  0%| F|  |TAMS 0x0000000082900000| PB 0x0000000082900000| Untracked 
|  42|0x0000000082a00000, 0x0000000082a00000, 0x0000000082b00000|  0%| F|  |TAMS 0x0000000082a00000| PB 0x0000000082a00000| Untracked 
|  43|0x0000000082b00000, 0x0000000082b00000, 0x0000000082c00000|  0%| F|  |TAMS 0x0000000082b00000| PB 0x0000000082b00000| Untracked 
|  44|0x0000000082c00000, 0x0000000082c00000, 0x0000000082d00000|  0%| F|  |TAMS 0x0000000082c00000| PB 0x0000000082c00000| Untracked 
|  45|0x0000000082d00000, 0x0000000082d00000, 0x0000000082e00000|  0%| F|  |TAMS 0x0000000082d00000| PB 0x0000000082d00000| Untracked 
|  46|0x0000000082e00000, 0x0000000082e00000, 0x0000000082f00000|  0%| F|  |TAMS 0x0000000082e00000| PB 0x0000000082e00000| Untracked 
|  47|0x0000000082f00000, 0x0000000082f00000, 0x0000000083000000|  0%| F|  |TAMS 0x0000000082f00000| PB 0x0000000082f00000| Untracked 
|  48|0x0000000083000000, 0x0000000083000000, 0x0000000083100000|  0%| F|  |TAMS 0x0000000083000000| PB 0x0000000083000000| Untracked 
|  49|0x0000000083100000, 0x0000000083100000, 0x0000000083200000|  0%| F|  |TAMS 0x0000000083100000| PB 0x0000000083100000| Untracked 
|  50|0x0000000083200000, 0x0000000083200000, 0x0000000083300000|  0%| F|  |TAMS 0x0000000083200000| PB 0x0000000083200000| Untracked 
|  51|0x0000000083300000, 0x0000000083300000, 0x0000000083400000|  0%| F|  |TAMS 0x0000000083300000| PB 0x0000000083300000| Untracked 
|  52|0x0000000083400000, 0x0000000083400000, 0x0000000083500000|  0%| F|  |TAMS 0x0000000083400000| PB 0x0000000083400000| Untracked 
|  53|0x0000000083500000, 0x0000000083500000, 0x0000000083600000|  0%| F|  |TAMS 0x0000000083500000| PB 0x0000000083500000| Untracked 
|  54|0x0000000083600000, 0x0000000083600000, 0x0000000083700000|  0%| F|  |TAMS 0x0000000083600000| PB 0x0000000083600000| Untracked 
|  55|0x0000000083700000, 0x0000000083700000, 0x0000000083800000|  0%| F|  |TAMS 0x0000000083700000| PB 0x0000000083700000| Untracked 
|  56|0x0000000083800000, 0x0000000083800000, 0x0000000083900000|  0%| F|  |TAMS 0x0000000083800000| PB 0x0000000083800000| Untracked 
|  57|0x0000000083900000, 0x0000000083900000, 0x0000000083a00000|  0%| F|  |TAMS 0x0000000083900000| PB 0x0000000083900000| Untracked 
|  58|0x0000000083a00000, 0x0000000083a00000, 0x0000000083b00000|  0%| F|  |TAMS 0x0000000083a00000| PB 0x0000000083a00000| Untracked 
|  59|0x0000000083b00000, 0x0000000083b00000, 0x0000000083c00000|  0%| F|  |TAMS 0x0000000083b00000| PB 0x0000000083b00000| Untracked 
|  60|0x0000000083c00000, 0x0000000083c00000, 0x0000000083d00000|  0%| F|  |TAMS 0x0000000083c00000| PB 0x0000000083c00000| Untracked 
|  61|0x0000000083d00000, 0x0000000083d00000, 0x0000000083e00000|  0%| F|  |TAMS 0x0000000083d00000| PB 0x0000000083d00000| Untracked 
|  62|0x0000000083e00000, 0x0000000083e00000, 0x0000000083f00000|  0%| F|  |TAMS 0x0000000083e00000| PB 0x0000000083e00000| Untracked 
|  63|0x0000000083f00000, 0x0000000083f00000, 0x0000000084000000|  0%| F|  |TAMS 0x0000000083f00000| PB 0x0000000083f00000| Untracked 
|  64|0x0000000084000000, 0x0000000084000000, 0x0000000084100000|  0%| F|  |TAMS 0x0000000084000000| PB 0x0000000084000000| Untracked 
|  65|0x0000000084100000, 0x0000000084100000, 0x0000000084200000|  0%| F|  |TAMS 0x0000000084100000| PB 0x0000000084100000| Untracked 
|  66|0x0000000084200000, 0x0000000084200000, 0x0000000084300000|  0%| F|  |TAMS 0x0000000084200000| PB 0x0000000084200000| Untracked 
|  67|0x0000000084300000, 0x0000000084300000, 0x0000000084400000|  0%| F|  |TAMS 0x0000000084300000| PB 0x0000000084300000| Untracked 
|  68|0x0000000084400000, 0x0000000084400000, 0x0000000084500000|  0%| F|  |TAMS 0x0000000084400000| PB 0x0000000084400000| Untracked 
|  69|0x0000000084500000, 0x0000000084500000, 0x0000000084600000|  0%| F|  |TAMS 0x0000000084500000| PB 0x0000000084500000| Untracked 
|  70|0x0000000084600000, 0x0000000084600000, 0x0000000084700000|  0%| F|  |TAMS 0x0000000084600000| PB 0x0000000084600000| Untracked 
|  71|0x0000000084700000, 0x0000000084700000, 0x0000000084800000|  0%| F|  |TAMS 0x0000000084700000| PB 0x0000000084700000| Untracked 
|  72|0x0000000084800000, 0x0000000084800000, 0x0000000084900000|  0%| F|  |TAMS 0x0000000084800000| PB 0x0000000084800000| Untracked 
|  73|0x0000000084900000, 0x0000000084900000, 0x0000000084a00000|  0%| F|  |TAMS 0x0000000084900000| PB 0x0000000084900000| Untracked 
|  74|0x0000000084a00000, 0x0000000084a00000, 0x0000000084b00000|  0%| F|  |TAMS 0x0000000084a00000| PB 0x0000000084a00000| Untracked 
|  75|0x0000000084b00000, 0x0000000084b00000, 0x0000000084c00000|  0%| F|  |TAMS 0x0000000084b00000| PB 0x0000000084b00000| Untracked 
|  76|0x0000000084c00000, 0x0000000084c00000, 0x0000000084d00000|  0%| F|  |TAMS 0x0000000084c00000| PB 0x0000000084c00000| Untracked 
|  77|0x0000000084d00000, 0x0000000084d00000, 0x0000000084e00000|  0%| F|  |TAMS 0x0000000084d00000| PB 0x0000000084d00000| Untracked 
|  78|0x0000000084e00000, 0x0000000084e00000, 0x0000000084f00000|  0%| F|  |TAMS 0x0000000084e00000| PB 0x0000000084e00000| Untracked 
|  79|0x0000000084f00000, 0x0000000084f00000, 0x0000000085000000|  0%| F|  |TAMS 0x0000000084f00000| PB 0x0000000084f00000| Untracked 
|  80|0x0000000085000000, 0x0000000085000000, 0x0000000085100000|  0%| F|  |TAMS 0x0000000085000000| PB 0x0000000085000000| Untracked 
|  81|0x0000000085100000, 0x0000000085100000, 0x0000000085200000|  0%| F|  |TAMS 0x0000000085100000| PB 0x0000000085100000| Untracked 
|  82|0x0000000085200000, 0x0000000085200000, 0x0000000085300000|  0%| F|  |TAMS 0x0000000085200000| PB 0x0000000085200000| Untracked 
|  83|0x0000000085300000, 0x0000000085300000, 0x0000000085400000|  0%| F|  |TAMS 0x0000000085300000| PB 0x0000000085300000| Untracked 
|  84|0x0000000085400000, 0x0000000085400000, 0x0000000085500000|  0%| F|  |TAMS 0x0000000085400000| PB 0x0000000085400000| Untracked 
|  85|0x0000000085500000, 0x0000000085500000, 0x0000000085600000|  0%| F|  |TAMS 0x0000000085500000| PB 0x0000000085500000| Untracked 
|  86|0x0000000085600000, 0x0000000085600000, 0x0000000085700000|  0%| F|  |TAMS 0x0000000085600000| PB 0x0000000085600000| Untracked 
|  87|0x0000000085700000, 0x0000000085750938, 0x0000000085800000| 31%| S|CS|TAMS 0x0000000085700000| PB 0x0000000085700000| Complete 
|  88|0x0000000085800000, 0x0000000085800000, 0x0000000085900000|  0%| F|  |TAMS 0x0000000085800000| PB 0x0000000085800000| Untracked 
|  89|0x0000000085900000, 0x0000000085900000, 0x0000000085a00000|  0%| F|  |TAMS 0x0000000085900000| PB 0x0000000085900000| Untracked 
|  90|0x0000000085a00000, 0x0000000085a00000, 0x0000000085b00000|  0%| F|  |TAMS 0x0000000085a00000| PB 0x0000000085a00000| Untracked 
|  91|0x0000000085b00000, 0x0000000085b00000, 0x0000000085c00000|  0%| F|  |TAMS 0x0000000085b00000| PB 0x0000000085b00000| Untracked 
|  92|0x0000000085c00000, 0x0000000085c00000, 0x0000000085d00000|  0%| F|  |TAMS 0x0000000085c00000| PB 0x0000000085c00000| Untracked 
|  93|0x0000000085d00000, 0x0000000085d00000, 0x0000000085e00000|  0%| F|  |TAMS 0x0000000085d00000| PB 0x0000000085d00000| Untracked 
|  94|0x0000000085e00000, 0x0000000085e00000, 0x0000000085f00000|  0%| F|  |TAMS 0x0000000085e00000| PB 0x0000000085e00000| Untracked 
|  95|0x0000000085f00000, 0x0000000085f00000, 0x0000000086000000|  0%| F|  |TAMS 0x0000000085f00000| PB 0x0000000085f00000| Untracked 
|  96|0x0000000086000000, 0x0000000086000000, 0x0000000086100000|  0%| F|  |TAMS 0x0000000086000000| PB 0x0000000086000000| Untracked 
|  97|0x0000000086100000, 0x0000000086100000, 0x0000000086200000|  0%| F|  |TAMS 0x0000000086100000| PB 0x0000000086100000| Untracked 
|  98|0x0000000086200000, 0x0000000086200000, 0x0000000086300000|  0%| F|  |TAMS 0x0000000086200000| PB 0x0000000086200000| Untracked 
|  99|0x0000000086300000, 0x0000000086300000, 0x0000000086400000|  0%| F|  |TAMS 0x0000000086300000| PB 0x0000000086300000| Untracked 
| 100|0x0000000086400000, 0x0000000086400000, 0x0000000086500000|  0%| F|  |TAMS 0x0000000086400000| PB 0x0000000086400000| Untracked 
| 101|0x0000000086500000, 0x0000000086500000, 0x0000000086600000|  0%| F|  |TAMS 0x0000000086500000| PB 0x0000000086500000| Untracked 
| 102|0x0000000086600000, 0x0000000086600000, 0x0000000086700000|  0%| F|  |TAMS 0x0000000086600000| PB 0x0000000086600000| Untracked 
| 103|0x0000000086700000, 0x0000000086700000, 0x0000000086800000|  0%| F|  |TAMS 0x0000000086700000| PB 0x0000000086700000| Untracked 
| 104|0x0000000086800000, 0x0000000086800000, 0x0000000086900000|  0%| F|  |TAMS 0x0000000086800000| PB 0x0000000086800000| Untracked 
| 105|0x0000000086900000, 0x0000000086900000, 0x0000000086a00000|  0%| F|  |TAMS 0x0000000086900000| PB 0x0000000086900000| Untracked 
| 106|0x0000000086a00000, 0x0000000086a00000, 0x0000000086b00000|  0%| F|  |TAMS 0x0000000086a00000| PB 0x0000000086a00000| Untracked 
| 107|0x0000000086b00000, 0x0000000086b00000, 0x0000000086c00000|  0%| F|  |TAMS 0x0000000086b00000| PB 0x0000000086b00000| Untracked 
| 108|0x0000000086c00000, 0x0000000086c00000, 0x0000000086d00000|  0%| F|  |TAMS 0x0000000086c00000| PB 0x0000000086c00000| Untracked 
| 109|0x0000000086d00000, 0x0000000086d00000, 0x0000000086e00000|  0%| F|  |TAMS 0x0000000086d00000| PB 0x0000000086d00000| Untracked 
| 110|0x0000000086e00000, 0x0000000086e00000, 0x0000000086f00000|  0%| F|  |TAMS 0x0000000086e00000| PB 0x0000000086e00000| Untracked 
| 111|0x0000000086f00000, 0x0000000086f00000, 0x0000000087000000|  0%| F|  |TAMS 0x0000000086f00000| PB 0x0000000086f00000| Untracked 
| 112|0x0000000087000000, 0x0000000087000000, 0x0000000087100000|  0%| F|  |TAMS 0x0000000087000000| PB 0x0000000087000000| Untracked 
| 113|0x0000000087100000, 0x0000000087100000, 0x0000000087200000|  0%| F|  |TAMS 0x0000000087100000| PB 0x0000000087100000| Untracked 
| 114|0x0000000087200000, 0x0000000087200000, 0x0000000087300000|  0%| F|  |TAMS 0x0000000087200000| PB 0x0000000087200000| Untracked 
| 115|0x0000000087300000, 0x0000000087300000, 0x0000000087400000|  0%| F|  |TAMS 0x0000000087300000| PB 0x0000000087300000| Untracked 
| 116|0x0000000087400000, 0x0000000087400000, 0x0000000087500000|  0%| F|  |TAMS 0x0000000087400000| PB 0x0000000087400000| Untracked 
| 117|0x0000000087500000, 0x0000000087500000, 0x0000000087600000|  0%| F|  |TAMS 0x0000000087500000| PB 0x0000000087500000| Untracked 
| 118|0x0000000087600000, 0x0000000087600000, 0x0000000087700000|  0%| F|  |TAMS 0x0000000087600000| PB 0x0000000087600000| Untracked 
| 119|0x0000000087700000, 0x0000000087700000, 0x0000000087800000|  0%| F|  |TAMS 0x0000000087700000| PB 0x0000000087700000| Untracked 
| 120|0x0000000087800000, 0x0000000087800000, 0x0000000087900000|  0%| F|  |TAMS 0x0000000087800000| PB 0x0000000087800000| Untracked 
| 121|0x0000000087900000, 0x0000000087900000, 0x0000000087a00000|  0%| F|  |TAMS 0x0000000087900000| PB 0x0000000087900000| Untracked 
| 122|0x0000000087a00000, 0x0000000087a00000, 0x0000000087b00000|  0%| F|  |TAMS 0x0000000087a00000| PB 0x0000000087a00000| Untracked 
| 123|0x0000000087b00000, 0x0000000087b00000, 0x0000000087c00000|  0%| F|  |TAMS 0x0000000087b00000| PB 0x0000000087b00000| Untracked 
| 124|0x0000000087c00000, 0x0000000087c00000, 0x0000000087d00000|  0%| F|  |TAMS 0x0000000087c00000| PB 0x0000000087c00000| Untracked 
| 125|0x0000000087d00000, 0x0000000087d00000, 0x0000000087e00000|  0%| F|  |TAMS 0x0000000087d00000| PB 0x0000000087d00000| Untracked 
| 126|0x0000000087e00000, 0x0000000087e00000, 0x0000000087f00000|  0%| F|  |TAMS 0x0000000087e00000| PB 0x0000000087e00000| Untracked 
| 127|0x0000000087f00000, 0x0000000087f00000, 0x0000000088000000|  0%| F|  |TAMS 0x0000000087f00000| PB 0x0000000087f00000| Untracked 
| 128|0x0000000088000000, 0x0000000088000000, 0x0000000088100000|  0%| F|  |TAMS 0x0000000088000000| PB 0x0000000088000000| Untracked 
| 129|0x0000000088100000, 0x0000000088100000, 0x0000000088200000|  0%| F|  |TAMS 0x0000000088100000| PB 0x0000000088100000| Untracked 
| 130|0x0000000088200000, 0x0000000088200000, 0x0000000088300000|  0%| F|  |TAMS 0x0000000088200000| PB 0x0000000088200000| Untracked 
| 131|0x0000000088300000, 0x0000000088300000, 0x0000000088400000|  0%| F|  |TAMS 0x0000000088300000| PB 0x0000000088300000| Untracked 
| 132|0x0000000088400000, 0x0000000088400000, 0x0000000088500000|  0%| F|  |TAMS 0x0000000088400000| PB 0x0000000088400000| Untracked 
| 133|0x0000000088500000, 0x0000000088500000, 0x0000000088600000|  0%| F|  |TAMS 0x0000000088500000| PB 0x0000000088500000| Untracked 
| 134|0x0000000088600000, 0x0000000088600000, 0x0000000088700000|  0%| F|  |TAMS 0x0000000088600000| PB 0x0000000088600000| Untracked 
| 135|0x0000000088700000, 0x0000000088700000, 0x0000000088800000|  0%| F|  |TAMS 0x0000000088700000| PB 0x0000000088700000| Untracked 
| 136|0x0000000088800000, 0x0000000088800000, 0x0000000088900000|  0%| F|  |TAMS 0x0000000088800000| PB 0x0000000088800000| Untracked 
| 137|0x0000000088900000, 0x0000000088900000, 0x0000000088a00000|  0%| F|  |TAMS 0x0000000088900000| PB 0x0000000088900000| Untracked 
| 138|0x0000000088a00000, 0x0000000088a00000, 0x0000000088b00000|  0%| F|  |TAMS 0x0000000088a00000| PB 0x0000000088a00000| Untracked 
| 139|0x0000000088b00000, 0x0000000088b00000, 0x0000000088c00000|  0%| F|  |TAMS 0x0000000088b00000| PB 0x0000000088b00000| Untracked 
| 140|0x0000000088c00000, 0x0000000088c00000, 0x0000000088d00000|  0%| F|  |TAMS 0x0000000088c00000| PB 0x0000000088c00000| Untracked 
| 141|0x0000000088d00000, 0x0000000088d00000, 0x0000000088e00000|  0%| F|  |TAMS 0x0000000088d00000| PB 0x0000000088d00000| Untracked 
| 142|0x0000000088e00000, 0x0000000088e00000, 0x0000000088f00000|  0%| F|  |TAMS 0x0000000088e00000| PB 0x0000000088e00000| Untracked 
| 143|0x0000000088f00000, 0x0000000088f00000, 0x0000000089000000|  0%| F|  |TAMS 0x0000000088f00000| PB 0x0000000088f00000| Untracked 
| 144|0x0000000089000000, 0x0000000089000000, 0x0000000089100000|  0%| F|  |TAMS 0x0000000089000000| PB 0x0000000089000000| Untracked 
| 145|0x0000000089100000, 0x0000000089100000, 0x0000000089200000|  0%| F|  |TAMS 0x0000000089100000| PB 0x0000000089100000| Untracked 
| 146|0x0000000089200000, 0x0000000089200000, 0x0000000089300000|  0%| F|  |TAMS 0x0000000089200000| PB 0x0000000089200000| Untracked 
| 147|0x0000000089300000, 0x0000000089300000, 0x0000000089400000|  0%| F|  |TAMS 0x0000000089300000| PB 0x0000000089300000| Untracked 
| 148|0x0000000089400000, 0x0000000089400000, 0x0000000089500000|  0%| F|  |TAMS 0x0000000089400000| PB 0x0000000089400000| Untracked 
| 149|0x0000000089500000, 0x0000000089500000, 0x0000000089600000|  0%| F|  |TAMS 0x0000000089500000| PB 0x0000000089500000| Untracked 
| 150|0x0000000089600000, 0x0000000089600000, 0x0000000089700000|  0%| F|  |TAMS 0x0000000089600000| PB 0x0000000089600000| Untracked 
| 151|0x0000000089700000, 0x0000000089700000, 0x0000000089800000|  0%| F|  |TAMS 0x0000000089700000| PB 0x0000000089700000| Untracked 
| 152|0x0000000089800000, 0x0000000089800000, 0x0000000089900000|  0%| F|  |TAMS 0x0000000089800000| PB 0x0000000089800000| Untracked 
| 153|0x0000000089900000, 0x0000000089900000, 0x0000000089a00000|  0%| F|  |TAMS 0x0000000089900000| PB 0x0000000089900000| Untracked 
| 154|0x0000000089a00000, 0x0000000089a00000, 0x0000000089b00000|  0%| F|  |TAMS 0x0000000089a00000| PB 0x0000000089a00000| Untracked 
| 155|0x0000000089b00000, 0x0000000089b00000, 0x0000000089c00000|  0%| F|  |TAMS 0x0000000089b00000| PB 0x0000000089b00000| Untracked 
| 156|0x0000000089c00000, 0x0000000089c00000, 0x0000000089d00000|  0%| F|  |TAMS 0x0000000089c00000| PB 0x0000000089c00000| Untracked 
| 157|0x0000000089d00000, 0x0000000089d00000, 0x0000000089e00000|  0%| F|  |TAMS 0x0000000089d00000| PB 0x0000000089d00000| Untracked 
| 158|0x0000000089e00000, 0x0000000089e00000, 0x0000000089f00000|  0%| F|  |TAMS 0x0000000089e00000| PB 0x0000000089e00000| Untracked 
| 159|0x0000000089f00000, 0x0000000089f00000, 0x000000008a000000|  0%| F|  |TAMS 0x0000000089f00000| PB 0x0000000089f00000| Untracked 
| 200|0x000000008c800000, 0x000000008c800000, 0x000000008c900000|  0%| F|  |TAMS 0x000000008c800000| PB 0x000000008c800000| Untracked 

Card table byte_map: [0x000001b392dc0000,0x000001b3931c0000] _byte_map_base: 0x000001b3929c0000

Marking Bits: (CMBitMap*) 0x000001b3ffda9bf0
 Bits: [0x000001b3931c0000, 0x000001b3951c0000)

Polling page: 0x000001b3fe390000

Metaspace:

Usage:
  Non-class:     33.53 MB used.
      Class:      5.71 MB used.
       Both:     39.24 MB used.

Virtual space:
  Non-class space:       64.00 MB reserved,      34.31 MB ( 54%) committed,  1 nodes.
      Class space:      416.00 MB reserved,       6.50 MB (  2%) committed,  1 nodes.
             Both:      480.00 MB reserved,      40.81 MB (  9%) committed. 

Chunk freelists:
   Non-Class:  13.50 MB
       Class:  9.48 MB
        Both:  22.98 MB

MaxMetaspaceSize: 512.00 MB
CompressedClassSpaceSize: 416.00 MB
Initial GC threshold: 21.00 MB
Current GC threshold: 58.88 MB
CDS: on
 - commit_granule_bytes: 65536.
 - commit_granule_words: 8192.
 - virtual_space_node_default_size: 8388608.
 - enlarge_chunks_in_place: 1.
 - use_allocation_guard: 0.


Internal statistics:

num_allocs_failed_limit: 6.
num_arena_births: 2852.
num_arena_deaths: 0.
num_vsnodes_births: 2.
num_vsnodes_deaths: 0.
num_space_committed: 653.
num_space_uncommitted: 0.
num_chunks_returned_to_freelist: 6.
num_chunks_taken_from_freelist: 4793.
num_chunk_merges: 6.
num_chunk_splits: 3133.
num_chunks_enlarged: 1920.
num_inconsistent_stats: 0.

CodeHeap 'non-profiled nmethods': size=120000Kb used=2881Kb max_used=2881Kb free=117119Kb
 bounds [0x000001b38ac10000, 0x000001b38aef0000, 0x000001b392140000]
CodeHeap 'profiled nmethods': size=120000Kb used=8702Kb max_used=8702Kb free=111297Kb
 bounds [0x000001b383140000, 0x000001b3839d0000, 0x000001b38a670000]
CodeHeap 'non-nmethods': size=5760Kb used=2022Kb max_used=2046Kb free=3737Kb
 bounds [0x000001b38a670000, 0x000001b38a8e0000, 0x000001b38ac10000]
CodeCache: size=245760Kb, used=13605Kb, max_used=13629Kb, free=232153Kb
 total_blobs=5359, nmethods=4639, adapters=623, full_count=0
Compilation: enabled, stopped_count=0, restarted_count=0

Compilation events (20 events):
Event: 652.483 Thread 0x000001b397c90720 5234       4       java.util.AbstractList$Itr::hasNext (20 bytes)
Event: 652.484 Thread 0x000001b397c90720 nmethod 5234 0x000001b38aedd590 code [0x000001b38aedd720, 0x000001b38aedd7e8]
Event: 652.484 Thread 0x000001b397c90720 5233       4       org.gradle.internal.classpath.DefaultClassPath$ImmutableUniqueList::get (57 bytes)
Event: 652.485 Thread 0x000001b397c90720 nmethod 5233 0x000001b38aedd890 code [0x000001b38aedda20, 0x000001b38aeddb10]
Event: 652.499 Thread 0x000001b397ca3470 5235       3       java.util.LinkedHashMap::keysToArray (7 bytes)
Event: 652.499 Thread 0x000001b397ca3470 nmethod 5235 0x000001b3839c1890 code [0x000001b3839c1a40, 0x000001b3839c1b80]
Event: 652.541 Thread 0x000001b397c90720 5236 %     4       java.util.LinkedHashMap::keysToArray @ 51 (80 bytes)
Event: 652.548 Thread 0x000001b397c90720 nmethod 5236% 0x000001b38aeddc10 code [0x000001b38aeddda0, 0x000001b38aede080]
Event: 652.554 Thread 0x000001b397c90720 5237       4       java.util.LinkedHashMap::afterNodeAccess (266 bytes)
Event: 652.573 Thread 0x000001b397c90720 nmethod 5237 0x000001b38aede190 code [0x000001b38aede340, 0x000001b38aedeb90]
Event: 652.589 Thread 0x000001b397c90720 5238       4       java.util.LinkedHashMap::keysToArray (80 bytes)
Event: 652.596 Thread 0x000001b397c90720 nmethod 5238 0x000001b38aeded10 code [0x000001b38aedeea0, 0x000001b38aedf0e0]
Event: 657.961 Thread 0x000001b397ca3470 5239       3       org.gradle.internal.classpath.DefaultClassPath$1::isSatisfiedBy (9 bytes)
Event: 657.962 Thread 0x000001b397ca3470 nmethod 5239 0x000001b3839c1c10 code [0x000001b3839c1de0, 0x000001b3839c2168]
Event: 657.962 Thread 0x000001b397ca3470 5240       3       org.gradle.internal.classpath.DefaultClassPath$1::isSatisfiedBy (19 bytes)
Event: 657.962 Thread 0x000001b397ca3470 nmethod 5240 0x000001b3839c2290 code [0x000001b3839c2440, 0x000001b3839c2668]
Event: 658.178 Thread 0x000001b397c90720 5241       4       java.util.regex.Matcher::reset (128 bytes)
Event: 658.190 Thread 0x000001b397c90720 nmethod 5241 0x000001b38aedf210 code [0x000001b38aedf3c0, 0x000001b38aedf670]
Event: 658.285 Thread 0x000001b397c90720 5242       4       java.util.regex.Matcher::match (154 bytes)
Event: 658.307 Thread 0x000001b397c90720 nmethod 5242 0x000001b38aedf890 code [0x000001b38aedfa80, 0x000001b38aedffc8]

GC Heap History (20 events):
Event: 316.624 GC heap after
{Heap after GC invocations=18 (full 0):
 garbage-first heap   total 164864K, used 28775K [0x0000000080000000, 0x0000000100000000)
  region size 1024K, 3 young (3072K), 3 survivors (3072K)
 Metaspace       used 29343K, committed 30464K, reserved 491520K
  class space    used 4255K, committed 4800K, reserved 425984K
}
Event: 322.101 GC heap before
{Heap before GC invocations=18 (full 0):
 garbage-first heap   total 164864K, used 42087K [0x0000000080000000, 0x0000000100000000)
  region size 1024K, 16 young (16384K), 3 survivors (3072K)
 Metaspace       used 30755K, committed 32000K, reserved 491520K
  class space    used 4504K, committed 5120K, reserved 425984K
}
Event: 322.107 GC heap after
{Heap after GC invocations=19 (full 0):
 garbage-first heap   total 164864K, used 29503K [0x0000000080000000, 0x0000000100000000)
  region size 1024K, 2 young (2048K), 2 survivors (2048K)
 Metaspace       used 30755K, committed 32000K, reserved 491520K
  class space    used 4504K, committed 5120K, reserved 425984K
}
Event: 484.678 GC heap before
{Heap before GC invocations=19 (full 0):
 garbage-first heap   total 164864K, used 64319K [0x0000000080000000, 0x0000000100000000)
  region size 1024K, 37 young (37888K), 2 survivors (2048K)
 Metaspace       used 34663K, committed 36032K, reserved 491520K
  class space    used 5041K, committed 5696K, reserved 425984K
}
Event: 484.718 GC heap after
{Heap after GC invocations=20 (full 0):
 garbage-first heap   total 164864K, used 30784K [0x0000000080000000, 0x0000000100000000)
  region size 1024K, 3 young (3072K), 3 survivors (3072K)
 Metaspace       used 34663K, committed 36032K, reserved 491520K
  class space    used 5041K, committed 5696K, reserved 425984K
}
Event: 484.799 GC heap before
{Heap before GC invocations=20 (full 0):
 garbage-first heap   total 164864K, used 30784K [0x0000000080000000, 0x0000000100000000)
  region size 1024K, 4 young (4096K), 3 survivors (3072K)
 Metaspace       used 34773K, committed 36096K, reserved 491520K
  class space    used 5051K, committed 5696K, reserved 425984K
}
Event: 484.811 GC heap after
{Heap after GC invocations=21 (full 0):
 garbage-first heap   total 164864K, used 30840K [0x0000000080000000, 0x0000000100000000)
  region size 1024K, 3 young (3072K), 3 survivors (3072K)
 Metaspace       used 34773K, committed 36096K, reserved 491520K
  class space    used 5051K, committed 5696K, reserved 425984K
}
Event: 605.227 GC heap before
{Heap before GC invocations=22 (full 0):
 garbage-first heap   total 106496K, used 75896K [0x0000000080000000, 0x0000000100000000)
  region size 1024K, 48 young (49152K), 3 survivors (3072K)
 Metaspace       used 39707K, committed 41280K, reserved 491520K
  class space    used 5774K, committed 6528K, reserved 425984K
}
Event: 612.687 GC heap after
{Heap after GC invocations=23 (full 0):
 garbage-first heap   total 106496K, used 35102K [0x0000000080000000, 0x0000000100000000)
  region size 1024K, 6 young (6144K), 6 survivors (6144K)
 Metaspace       used 39707K, committed 41280K, reserved 491520K
  class space    used 5774K, committed 6528K, reserved 425984K
}
Event: 622.402 GC heap before
{Heap before GC invocations=23 (full 0):
 garbage-first heap   total 106496K, used 36126K [0x0000000080000000, 0x0000000100000000)
  region size 1024K, 7 young (7168K), 6 survivors (6144K)
 Metaspace       used 39708K, committed 41280K, reserved 491520K
  class space    used 5774K, committed 6528K, reserved 425984K
}
Event: 626.034 GC heap after
{Heap after GC invocations=24 (full 0):
 garbage-first heap   total 106496K, used 35595K [0x0000000080000000, 0x0000000100000000)
  region size 1024K, 1 young (1024K), 1 survivors (1024K)
 Metaspace       used 39708K, committed 41280K, reserved 491520K
  class space    used 5774K, committed 6528K, reserved 425984K
}
Event: 648.226 GC heap before
{Heap before GC invocations=24 (full 0):
 garbage-first heap   total 106496K, used 38667K [0x0000000080000000, 0x0000000100000000)
  region size 1024K, 5 young (5120K), 1 survivors (1024K)
 Metaspace       used 39961K, committed 41536K, reserved 491520K
  class space    used 5810K, committed 6592K, reserved 425984K
}
Event: 648.229 GC heap after
{Heap after GC invocations=25 (full 0):
 garbage-first heap   total 106496K, used 35293K [0x0000000080000000, 0x0000000100000000)
  region size 1024K, 1 young (1024K), 1 survivors (1024K)
 Metaspace       used 39961K, committed 41536K, reserved 491520K
  class space    used 5810K, committed 6592K, reserved 425984K
}
Event: 652.461 GC heap before
{Heap before GC invocations=25 (full 0):
 garbage-first heap   total 106496K, used 39389K [0x0000000080000000, 0x0000000100000000)
  region size 1024K, 5 young (5120K), 1 survivors (1024K)
 Metaspace       used 40179K, committed 41792K, reserved 491520K
  class space    used 5844K, committed 6656K, reserved 425984K
}
Event: 652.465 GC heap after
{Heap after GC invocations=26 (full 0):
 garbage-first heap   total 106496K, used 35275K [0x0000000080000000, 0x0000000100000000)
  region size 1024K, 1 young (1024K), 1 survivors (1024K)
 Metaspace       used 40179K, committed 41792K, reserved 491520K
  class space    used 5844K, committed 6656K, reserved 425984K
}
Event: 652.576 GC heap before
{Heap before GC invocations=26 (full 0):
 garbage-first heap   total 106496K, used 39371K [0x0000000080000000, 0x0000000100000000)
  region size 1024K, 5 young (5120K), 1 survivors (1024K)
 Metaspace       used 40179K, committed 41792K, reserved 491520K
  class space    used 5844K, committed 6656K, reserved 425984K
}
Event: 652.578 GC heap after
{Heap after GC invocations=27 (full 0):
 garbage-first heap   total 106496K, used 35291K [0x0000000080000000, 0x0000000100000000)
  region size 1024K, 1 young (1024K), 1 survivors (1024K)
 Metaspace       used 40179K, committed 41792K, reserved 491520K
  class space    used 5844K, committed 6656K, reserved 425984K
}
Event: 652.694 GC heap before
{Heap before GC invocations=27 (full 0):
 garbage-first heap   total 106496K, used 40411K [0x0000000080000000, 0x0000000100000000)
  region size 1024K, 6 young (6144K), 1 survivors (1024K)
 Metaspace       used 40179K, committed 41792K, reserved 491520K
  class space    used 5844K, committed 6656K, reserved 425984K
}
Event: 652.696 GC heap after
{Heap after GC invocations=28 (full 0):
 garbage-first heap   total 106496K, used 35283K [0x0000000080000000, 0x0000000100000000)
  region size 1024K, 1 young (1024K), 1 survivors (1024K)
 Metaspace       used 40179K, committed 41792K, reserved 491520K
  class space    used 5844K, committed 6656K, reserved 425984K
}
Event: 658.317 GC heap before
{Heap before GC invocations=28 (full 0):
 garbage-first heap   total 106496K, used 50643K [0x0000000080000000, 0x0000000100000000)
  region size 1024K, 16 young (16384K), 1 survivors (1024K)
 Metaspace       used 40184K, committed 41792K, reserved 491520K
  class space    used 5845K, committed 6656K, reserved 425984K
}

Dll operation events (20 events):
Event: 5.129 Attempting to load shared library C:\Users\harih\.antigravity-ide\extensions\redhat.java-1.56.0-win32-x64\jre\21.0.12.1-win32-x86_64\bin\nio.dll
Event: 5.131 Loaded shared library C:\Users\harih\.antigravity-ide\extensions\redhat.java-1.56.0-win32-x64\jre\21.0.12.1-win32-x86_64\bin\nio.dll
Event: 5.135 Attempting to load shared library C:\Users\harih\.antigravity-ide\extensions\redhat.java-1.56.0-win32-x64\jre\21.0.12.1-win32-x86_64\bin\zip.dll
Event: 5.135 Loaded shared library C:\Users\harih\.antigravity-ide\extensions\redhat.java-1.56.0-win32-x64\jre\21.0.12.1-win32-x86_64\bin\zip.dll
Event: 21.854 Attempting to load shared library C:\Users\harih\.antigravity-ide\extensions\redhat.java-1.56.0-win32-x64\jre\21.0.12.1-win32-x86_64\bin\jimage.dll
Event: 21.854 Loaded shared library C:\Users\harih\.antigravity-ide\extensions\redhat.java-1.56.0-win32-x64\jre\21.0.12.1-win32-x86_64\bin\jimage.dll
Event: 31.074 Attempting to load shared library C:\Users\harih\.antigravity-ide\extensions\redhat.java-1.56.0-win32-x64\jre\21.0.12.1-win32-x86_64\bin\verify.dll
Event: 31.353 Loaded shared library C:\Users\harih\.antigravity-ide\extensions\redhat.java-1.56.0-win32-x64\jre\21.0.12.1-win32-x86_64\bin\verify.dll
Event: 32.594 Attempting to load shared library C:\Users\harih\.gradle\native\660c5614fbf4a5f2a75b1949f50a0caf5cd603558e7d8a26e50b933a0cfb79d1\windows-amd64\native-platform.dll
Event: 32.595 Loaded shared library C:\Users\harih\.gradle\native\660c5614fbf4a5f2a75b1949f50a0caf5cd603558e7d8a26e50b933a0cfb79d1\windows-amd64\native-platform.dll
Event: 32.941 Attempting to load shared library C:\Users\harih\.gradle\native\0.2.8\x86_64-windows-gnu\gradle-fileevents.dll
Event: 32.943 Loaded shared library C:\Users\harih\.gradle\native\0.2.8\x86_64-windows-gnu\gradle-fileevents.dll
Event: 93.329 Attempting to load shared library C:\Users\harih\.antigravity-ide\extensions\redhat.java-1.56.0-win32-x64\jre\21.0.12.1-win32-x86_64\bin\management.dll
Event: 93.345 Loaded shared library C:\Users\harih\.antigravity-ide\extensions\redhat.java-1.56.0-win32-x64\jre\21.0.12.1-win32-x86_64\bin\management.dll
Event: 93.356 Attempting to load shared library C:\Users\harih\.antigravity-ide\extensions\redhat.java-1.56.0-win32-x64\jre\21.0.12.1-win32-x86_64\bin\management_ext.dll
Event: 93.358 Loaded shared library C:\Users\harih\.antigravity-ide\extensions\redhat.java-1.56.0-win32-x64\jre\21.0.12.1-win32-x86_64\bin\management_ext.dll
Event: 101.474 Attempting to load shared library C:\Users\harih\.antigravity-ide\extensions\redhat.java-1.56.0-win32-x64\jre\21.0.12.1-win32-x86_64\bin\extnet.dll
Event: 101.474 Loaded shared library C:\Users\harih\.antigravity-ide\extensions\redhat.java-1.56.0-win32-x64\jre\21.0.12.1-win32-x86_64\bin\extnet.dll
Event: 114.903 Attempting to load shared library C:\Users\harih\.antigravity-ide\extensions\redhat.java-1.56.0-win32-x64\jre\21.0.12.1-win32-x86_64\bin\sunmscapi.dll
Event: 115.439 Loaded shared library C:\Users\harih\.antigravity-ide\extensions\redhat.java-1.56.0-win32-x64\jre\21.0.12.1-win32-x86_64\bin\sunmscapi.dll

Deoptimization events (20 events):
Event: 600.782 Thread 0x000001b3b807f670 DEOPT PACKING pc=0x000001b38acbcbdc sp=0x0000004caa5f7db0
Event: 600.782 Thread 0x000001b3b807f670 DEOPT UNPACKING pc=0x000001b38a6c7ba2 sp=0x0000004caa5f7d28 mode 2
Event: 600.838 Thread 0x000001b3b807f670 Uncommon trap: trap_request=0xffffffde fr.pc=0x000001b38adc2c90 relative=0x00000000000002d0
Event: 600.838 Thread 0x000001b3b807f670 Uncommon trap: reason=class_check action=maybe_recompile pc=0x000001b38adc2c90 method=java.util.Collections$SetFromMap.remove(Ljava/lang/Object;)Z @ 5 c2
Event: 600.838 Thread 0x000001b3b807f670 DEOPT PACKING pc=0x000001b38adc2c90 sp=0x0000004caa5f8a00
Event: 600.838 Thread 0x000001b3b807f670 DEOPT UNPACKING pc=0x000001b38a6c7ba2 sp=0x0000004caa5f89e8 mode 2
Event: 601.578 Thread 0x000001b3b807f670 Uncommon trap: trap_request=0xffffffde fr.pc=0x000001b38ae72010 relative=0x0000000000000070
Event: 601.578 Thread 0x000001b3b807f670 Uncommon trap: reason=class_check action=maybe_recompile pc=0x000001b38ae72010 method=java.util.stream.StreamOpFlag.fromCharacteristics(Ljava/util/Spliterator;)I @ 14 c2
Event: 601.578 Thread 0x000001b3b807f670 DEOPT PACKING pc=0x000001b38ae72010 sp=0x0000004caa5f7dd0
Event: 601.578 Thread 0x000001b3b807f670 DEOPT UNPACKING pc=0x000001b38a6c7ba2 sp=0x0000004caa5f7d68 mode 2
Event: 651.879 Thread 0x000001b3b807f670 DEOPT PACKING pc=0x000001b38315f261 sp=0x0000004caa5f6a90
Event: 651.879 Thread 0x000001b3b807f670 DEOPT UNPACKING pc=0x000001b38a6c86e2 sp=0x0000004caa5f5f80 mode 0
Event: 651.879 Thread 0x000001b3b807f670 DEOPT PACKING pc=0x000001b3834cd706 sp=0x0000004caa5f6aa0
Event: 651.879 Thread 0x000001b3b807f670 DEOPT UNPACKING pc=0x000001b38a6c86e2 sp=0x0000004caa5f5f88 mode 0
Event: 652.386 Thread 0x000001b3b807f670 DEOPT PACKING pc=0x000001b38315f261 sp=0x0000004caa5f6a90
Event: 652.386 Thread 0x000001b3b807f670 DEOPT UNPACKING pc=0x000001b38a6c86e2 sp=0x0000004caa5f5f80 mode 0
Event: 652.386 Thread 0x000001b3b807f670 DEOPT PACKING pc=0x000001b3834cd706 sp=0x0000004caa5f6aa0
Event: 652.386 Thread 0x000001b3b807f670 DEOPT UNPACKING pc=0x000001b38a6c86e2 sp=0x0000004caa5f5f88 mode 0
Event: 652.589 Thread 0x000001b3b807f670 DEOPT PACKING pc=0x000001b3833bda10 sp=0x0000004caa5f6ed0
Event: 652.589 Thread 0x000001b3b807f670 DEOPT UNPACKING pc=0x000001b38a6c86e2 sp=0x0000004caa5f6348 mode 0

Classes loaded (20 events):
Event: 502.879 Loading class java/nio/file/AccessMode
Event: 502.879 Loading class java/nio/file/AccessMode done
Event: 570.267 Loading class java/lang/invoke/BoundMethodHandle$Species_LLLLILLLLLL
Event: 570.268 Loading class java/lang/invoke/BoundMethodHandle$Species_LLLLILLLLLL done
Event: 573.224 Loading class java/util/DualPivotQuicksort
Event: 573.320 Loading class java/util/DualPivotQuicksort done
Event: 594.890 Loading class java/util/PrimitiveIterator$OfInt
Event: 594.891 Loading class java/util/PrimitiveIterator
Event: 594.904 Loading class java/util/PrimitiveIterator done
Event: 594.904 Loading class java/util/PrimitiveIterator$OfInt done
Event: 595.176 Loading class java/util/concurrent/RecursiveAction
Event: 595.182 Loading class java/util/concurrent/RecursiveAction done
Event: 595.797 Loading class java/util/stream/ReduceOps$2
Event: 595.799 Loading class java/util/stream/ReduceOps$2 done
Event: 595.799 Loading class java/util/stream/ReduceOps$2ReducingSink
Event: 595.801 Loading class java/util/stream/ReduceOps$2ReducingSink done
Event: 603.303 Loading class java/util/Collections$SynchronizedRandomAccessList
Event: 603.326 Loading class java/util/Collections$SynchronizedList
Event: 603.327 Loading class java/util/Collections$SynchronizedList done
Event: 603.327 Loading class java/util/Collections$SynchronizedRandomAccessList done

Classes unloaded (0 events):
No events

Classes redefined (0 events):
No events

Internal exceptions (20 events):
Event: 575.826 Thread 0x000001b3b807f670 Exception <a 'java/lang/NoSuchMethodError'{0x00000000842e86b0}: 'void java.lang.invoke.DirectMethodHandle$Holder.invokeStatic(java.lang.Object, java.lang.Object, java.lang.Object, java.lang.Object, java.lang.Object, java.lang.Object)'> (0x00000000842e86b0) 
thrown [s\src\hotspot\share\interpreter\linkResolver.cpp, line 773]
Event: 577.897 Thread 0x000001b3b807f670 Exception <a 'java/lang/IncompatibleClassChangeError'{0x0000000084158160}: Found class java.lang.Object, but interface was expected> (0x0000000084158160) 
thrown [s\src\hotspot\share\interpreter\linkResolver.cpp, line 840]
Event: 590.276 Thread 0x000001b3b807f670 Exception <a 'java/lang/NoSuchMethodError'{0x0000000083ed84e8}: 'java.lang.Object java.lang.invoke.DirectMethodHandle$Holder.newInvokeSpecial(java.lang.Object, java.lang.Object, java.lang.Object, java.lang.Object, int)'> (0x0000000083ed84e8) 
thrown [s\src\hotspot\share\interpreter\linkResolver.cpp, line 773]
Event: 590.325 Thread 0x000001b3b807f670 Exception <a 'java/lang/NoSuchMethodError'{0x0000000083edcc68}: 'java.lang.Object java.lang.invoke.Invokers$Holder.linkToTargetMethod(java.lang.Object, java.lang.Object, java.lang.Object, int, java.lang.Object)'> (0x0000000083edcc68) 
thrown [s\src\hotspot\share\interpreter\linkResolver.cpp, line 773]
Event: 590.530 Thread 0x000001b3b807f670 Exception <a 'java/lang/NoSuchMethodError'{0x0000000083d11218}: 'java.lang.Object java.lang.invoke.DirectMethodHandle$Holder.newInvokeSpecial(java.lang.Object, java.lang.Object, java.lang.Object, java.lang.Object, java.lang.Object, java.lang.Object, java.lang.Object, java.lang.Object, java.lang.Object, java.lang.Object, java.lang.Object, java.lang.Object, java.lang.Object, java.lang.Object, java.lang.Object, java.lang.Object, java.lang.Object, java.lang.Object, java.lang.Object)'> (0x0000000083d11218) 
thr
Event: 590.533 Thread 0x000001b3b807f670 Exception <a 'java/lang/NoSuchMethodError'{0x0000000083d17be8}: 'java.lang.Object java.lang.invoke.DirectMethodHandle$Holder.invokeSpecial(java.lang.Object, java.lang.Object, java.lang.Object, java.lang.Object, java.lang.Object, java.lang.Object, java.lang.Object, java.lang.Object, java.lang.Object, java.lang.Object, java.lang.Object, java.lang.Object, java.lang.Object, java.lang.Object, java.lang.Object, java.lang.Object, java.lang.Object, java.lang.Object, java.lang.Object, java.lang.Object)'> (0x0000000
Event: 590.549 Thread 0x000001b3b807f670 Exception <a 'java/lang/NoSuchMethodError'{0x0000000083d1d438}: 'java.lang.Object java.lang.invoke.DelegatingMethodHandle$Holder.reinvoke_L(java.lang.Object, java.lang.Object, java.lang.Object, java.lang.Object, java.lang.Object, java.lang.Object, java.lang.Object, java.lang.Object, java.lang.Object, java.lang.Object, java.lang.Object, java.lang.Object, java.lang.Object, java.lang.Object, java.lang.Object, java.lang.Object, java.lang.Object, java.lang.Object, java.lang.Object)'> (0x0000000083d1d438) 
throw
Event: 601.835 Thread 0x000001b3b807f670 Exception <a 'sun/nio/fs/WindowsException'{0x0000000083ac9a30}> (0x0000000083ac9a30) 
thrown [s\src\hotspot\share\prims\jni.cpp, line 520]
Event: 601.850 Thread 0x000001b3b807f670 Exception <a 'sun/nio/fs/WindowsException'{0x0000000083acb470}> (0x0000000083acb470) 
thrown [s\src\hotspot\share\prims\jni.cpp, line 520]
Event: 601.858 Thread 0x000001b3b807f670 Exception <a 'sun/nio/fs/WindowsException'{0x0000000083accea0}> (0x0000000083accea0) 
thrown [s\src\hotspot\share\prims\jni.cpp, line 520]
Event: 601.859 Thread 0x000001b3b807f670 Exception <a 'sun/nio/fs/WindowsException'{0x0000000083ace4c8}> (0x0000000083ace4c8) 
thrown [s\src\hotspot\share\prims\jni.cpp, line 520]
Event: 602.826 Thread 0x000001b3b807f670 Exception <a 'java/lang/NoSuchMethodError'{0x00000000839da678}: 'java.lang.Object java.lang.invoke.Invokers$Holder.invoker(java.lang.Object, java.lang.Object, java.lang.Object, java.lang.Object, java.lang.Object, java.lang.Object)'> (0x00000000839da678) 
thrown [s\src\hotspot\share\interpreter\linkResolver.cpp, line 773]
Event: 646.622 Thread 0x000001b3b807f670 Exception <a 'java/lang/NoSuchMethodError'{0x0000000089d04ef8}: 'java.lang.Object java.lang.invoke.DirectMethodHandle$Holder.invokeSpecial(java.lang.Object, java.lang.Object, java.lang.Object, java.lang.Object, java.lang.Object, java.lang.Object, java.lang.Object, java.lang.Object, java.lang.Object, java.lang.Object, java.lang.Object, java.lang.Object, java.lang.Object, java.lang.Object, java.lang.Object, java.lang.Object, java.lang.Object, java.lang.Object, java.lang.Object, java.lang.Object, java.lang.Ob
Event: 646.654 Thread 0x000001b3b807f670 Exception <a 'java/lang/NoSuchMethodError'{0x0000000089d0b4c0}: 'java.lang.Object java.lang.invoke.DelegatingMethodHandle$Holder.reinvoke_L(java.lang.Object, java.lang.Object, java.lang.Object, java.lang.Object, java.lang.Object, java.lang.Object, java.lang.Object, java.lang.Object, java.lang.Object, java.lang.Object, java.lang.Object, java.lang.Object, java.lang.Object, java.lang.Object, java.lang.Object, java.lang.Object, java.lang.Object, java.lang.Object, java.lang.Object, java.lang.Object, java.lang.O
Event: 646.709 Thread 0x000001b3b807f670 Exception <a 'java/lang/NoSuchMethodError'{0x0000000089d16b28}: 'java.lang.Object java.lang.invoke.Invokers$Holder.invoker(java.lang.Object, java.lang.Object, java.lang.Object, java.lang.Object, java.lang.Object, java.lang.Object, java.lang.Object, java.lang.Object, java.lang.Object, java.lang.Object, java.lang.Object, java.lang.Object, java.lang.Object, java.lang.Object, java.lang.Object, java.lang.Object, java.lang.Object, java.lang.Object, java.lang.Object, java.lang.Object, java.lang.Object, java.lang.
Event: 646.745 Thread 0x000001b3b807f670 Exception <a 'java/lang/NoSuchMethodError'{0x0000000089d1dbf0}: 'java.lang.Object java.lang.invoke.DelegatingMethodHandle$Holder.delegate(java.lang.Object, java.lang.Object, java.lang.Object, java.lang.Object, java.lang.Object, java.lang.Object, java.lang.Object, java.lang.Object, java.lang.Object, java.lang.Object, java.lang.Object, java.lang.Object, java.lang.Object, java.lang.Object, java.lang.Object, java.lang.Object, java.lang.Object, java.lang.Object, java.lang.Object, java.lang.Object, java.lang.Obj
Event: 648.475 Thread 0x000001b3b807f670 Exception <a 'java/lang/NoSuchMethodError'{0x000000008c885a58}: 'java.lang.Object java.lang.invoke.DirectMethodHandle$Holder.invokeStatic(java.lang.Object, java.lang.Object, java.lang.Object, java.lang.Object, java.lang.Object, java.lang.Object, int, java.lang.Object)'> (0x000000008c885a58) 
thrown [s\src\hotspot\share\interpreter\linkResolver.cpp, line 773]
Event: 648.490 Thread 0x000001b3b807f670 Exception <a 'java/lang/NoSuchMethodError'{0x000000008c88fd08}: 'java.lang.Object java.lang.invoke.DirectMethodHandle$Holder.newInvokeSpecial(java.lang.Object, java.lang.Object, java.lang.Object, java.lang.Object, java.lang.Object, java.lang.Object, int)'> (0x000000008c88fd08) 
thrown [s\src\hotspot\share\interpreter\linkResolver.cpp, line 773]
Event: 648.491 Thread 0x000001b3b807f670 Exception <a 'java/lang/NoSuchMethodError'{0x000000008c894ed0}: 'java.lang.Object java.lang.invoke.DirectMethodHandle$Holder.invokeSpecial(java.lang.Object, java.lang.Object, java.lang.Object, java.lang.Object, java.lang.Object, java.lang.Object, java.lang.Object, int)'> (0x000000008c894ed0) 
thrown [s\src\hotspot\share\interpreter\linkResolver.cpp, line 773]
Event: 648.491 Thread 0x000001b3b807f670 Exception <a 'java/lang/NoSuchMethodError'{0x000000008c8995f0}: 'java.lang.Object java.lang.invoke.Invokers$Holder.linkToTargetMethod(java.lang.Object, java.lang.Object, java.lang.Object, java.lang.Object, java.lang.Object, int, java.lang.Object)'> (0x000000008c8995f0) 
thrown [s\src\hotspot\share\interpreter\linkResolver.cpp, line 773]

ZGC Phase Switch (0 events):
No events

VM Operations (20 events):
Event: 626.034 Executing safepoint VM operation: G1CollectForAllocation (G1 Evacuation Pause) done
Event: 646.172 Executing safepoint VM operation: Cleanup
Event: 646.314 Executing safepoint VM operation: Cleanup done
Event: 647.317 Executing safepoint VM operation: Cleanup
Event: 647.365 Executing safepoint VM operation: Cleanup done
Event: 648.225 Executing safepoint VM operation: G1CollectForAllocation (G1 Evacuation Pause)
Event: 648.229 Executing safepoint VM operation: G1CollectForAllocation (G1 Evacuation Pause) done
Event: 651.244 Executing safepoint VM operation: Cleanup
Event: 651.276 Executing safepoint VM operation: Cleanup done
Event: 652.278 Executing safepoint VM operation: Cleanup
Event: 652.278 Executing safepoint VM operation: Cleanup done
Event: 652.461 Executing safepoint VM operation: G1CollectForAllocation (G1 Evacuation Pause)
Event: 652.465 Executing safepoint VM operation: G1CollectForAllocation (G1 Evacuation Pause) done
Event: 652.576 Executing safepoint VM operation: G1CollectForAllocation (G1 Evacuation Pause)
Event: 652.578 Executing safepoint VM operation: G1CollectForAllocation (G1 Evacuation Pause) done
Event: 652.694 Executing safepoint VM operation: G1CollectForAllocation (G1 Evacuation Pause)
Event: 652.696 Executing safepoint VM operation: G1CollectForAllocation (G1 Evacuation Pause) done
Event: 657.710 Executing safepoint VM operation: Cleanup
Event: 657.726 Executing safepoint VM operation: Cleanup done
Event: 658.317 Executing safepoint VM operation: G1CollectForAllocation (G1 Evacuation Pause)

Memory protections (0 events):
No events

Nmethod flushes (20 events):
Event: 484.987 Thread 0x000001b397c59200 flushing  nmethod 0x000001b38320ff10
Event: 484.987 Thread 0x000001b397c59200 flushing  nmethod 0x000001b383211890
Event: 484.987 Thread 0x000001b397c59200 flushing  nmethod 0x000001b383211d90
Event: 484.987 Thread 0x000001b397c59200 flushing  nmethod 0x000001b383213210
Event: 484.987 Thread 0x000001b397c59200 flushing  nmethod 0x000001b383214110
Event: 484.987 Thread 0x000001b397c59200 flushing  nmethod 0x000001b383273810
Event: 484.987 Thread 0x000001b397c59200 flushing  nmethod 0x000001b383299f10
Event: 484.987 Thread 0x000001b397c59200 flushing  nmethod 0x000001b38329a310
Event: 484.987 Thread 0x000001b397c59200 flushing  nmethod 0x000001b38329b290
Event: 484.987 Thread 0x000001b397c59200 flushing  nmethod 0x000001b38329c890
Event: 484.987 Thread 0x000001b397c59200 flushing  nmethod 0x000001b38329cf10
Event: 484.987 Thread 0x000001b397c59200 flushing  nmethod 0x000001b38329d610
Event: 484.987 Thread 0x000001b397c59200 flushing  nmethod 0x000001b3832bd990
Event: 484.987 Thread 0x000001b397c59200 flushing  nmethod 0x000001b3832be310
Event: 484.987 Thread 0x000001b397c59200 flushing  nmethod 0x000001b3833a5110
Event: 484.987 Thread 0x000001b397c59200 flushing  nmethod 0x000001b3833a9e10
Event: 484.987 Thread 0x000001b397c59200 flushing  nmethod 0x000001b3833ab610
Event: 484.987 Thread 0x000001b397c59200 flushing  nmethod 0x000001b3833ad410
Event: 484.987 Thread 0x000001b397c59200 flushing  nmethod 0x000001b3833adb10
Event: 484.987 Thread 0x000001b397c59200 flushing  nmethod 0x000001b3835f4d90

Events (20 events):
Event: 182.509 Thread 0x000001b3b807f670 Thread added: 0x000001b3b8514fc0
Event: 183.475 Thread 0x000001b3b807f670 Thread added: 0x000001b3b8514930
Event: 185.972 Thread 0x000001b3b8514930 Thread added: 0x000001b3b8512ef0
Event: 193.938 Thread 0x000001b3b807f670 Thread added: 0x000001b3b8513c10
Event: 286.905 Thread 0x000001b3b807f670 Thread added: 0x000001b3ba0aae60
Event: 288.212 Thread 0x000001b3b807f670 Thread added: 0x000001b3ba0a9ab0
Event: 289.759 Thread 0x000001b3b8512ef0 Thread exited: 0x000001b3b8512ef0
Event: 292.423 Thread 0x000001b3b8514930 Thread added: 0x000001b3ba0a8d90
Event: 293.952 Thread 0x000001b3b8514930 Thread added: 0x000001b3ba0ab4f0
Event: 300.148 Thread 0x000001b3b807f670 Thread added: 0x000001b3ba0a9420
Event: 300.561 Thread 0x000001b3b807f670 Thread added: 0x000001b3ba0aa140
Event: 309.079 Thread 0x000001b3b807f670 Thread added: 0x000001b3ba0a8070
Event: 310.701 Thread 0x000001b3b807f670 Thread added: 0x000001b3ba0a8700
Event: 320.280 Thread 0x000001b3b807f670 Thread added: 0x000001b3b8512ef0
Event: 321.901 Thread 0x000001b3b807f670 Thread added: 0x000001b3b99e1f40
Event: 355.276 Thread 0x000001b3ba0a8d90 Thread exited: 0x000001b3ba0a8d90
Event: 379.607 Thread 0x000001b3b807f670 Thread added: 0x000001b3b99e18b0
Event: 474.928 Thread 0x000001b3b807f670 Thread added: 0x000001b3b99e0b90
Event: 559.261 Thread 0x000001b3b807f670 Thread added: 0x000001b3b99e25d0
Event: 599.271 Thread 0x000001b3b807f670 Thread added: 0x000001b3b99e2c60


Dynamic libraries:
0x00007ff64c4a0000 - 0x00007ff64c4ae000 	C:\Users\harih\.antigravity-ide\extensions\redhat.java-1.56.0-win32-x64\jre\21.0.12.1-win32-x86_64\bin\java.exe
0x00007ffb98560000 - 0x00007ffb987c7000 	C:\WINDOWS\SYSTEM32\ntdll.dll
0x00007ffb97440000 - 0x00007ffb9750b000 	C:\WINDOWS\System32\KERNEL32.DLL
0x00007ffb95850000 - 0x00007ffb95c52000 	C:\WINDOWS\System32\KERNELBASE.dll
0x00007ffb95ea0000 - 0x00007ffb95fec000 	C:\WINDOWS\System32\ucrtbase.dll
0x00007ffb7d3a0000 - 0x00007ffb7d3be000 	C:\Users\harih\.antigravity-ide\extensions\redhat.java-1.56.0-win32-x64\jre\21.0.12.1-win32-x86_64\bin\VCRUNTIME140.dll
0x00007ffb82be0000 - 0x00007ffb82bf8000 	C:\Users\harih\.antigravity-ide\extensions\redhat.java-1.56.0-win32-x64\jre\21.0.12.1-win32-x86_64\bin\jli.dll
0x00007ffb962f0000 - 0x00007ffb964bf000 	C:\WINDOWS\System32\USER32.dll
0x00007ffb95760000 - 0x00007ffb95787000 	C:\WINDOWS\System32\win32u.dll
0x00007ffb98060000 - 0x00007ffb9808b000 	C:\WINDOWS\System32\GDI32.dll
0x00007ffb96150000 - 0x00007ffb96279000 	C:\WINDOWS\System32\gdi32full.dll
0x00007ffb95df0000 - 0x00007ffb95e93000 	C:\WINDOWS\System32\msvcp_win.dll
0x00007ffb7ae10000 - 0x00007ffb7b0a0000 	C:\WINDOWS\WinSxS\amd64_microsoft.windows.common-controls_6595b64144ccf1df_6.0.26100.9278_none_3e0d1ba8e3303201\COMCTL32.dll
0x00007ffb96530000 - 0x00007ffb965d9000 	C:\WINDOWS\System32\msvcrt.dll
0x00007ffb97710000 - 0x00007ffb97741000 	C:\WINDOWS\System32\IMM32.DLL
0x00007ffb8c160000 - 0x00007ffb8c16c000 	C:\Users\harih\.antigravity-ide\extensions\redhat.java-1.56.0-win32-x64\jre\21.0.12.1-win32-x86_64\bin\vcruntime140_1.dll
0x00007ffb49fa0000 - 0x00007ffb4a02d000 	C:\Users\harih\.antigravity-ide\extensions\redhat.java-1.56.0-win32-x64\jre\21.0.12.1-win32-x86_64\bin\msvcp140.dll
0x00007ffb1ebf0000 - 0x00007ffb1f992000 	C:\Users\harih\.antigravity-ide\extensions\redhat.java-1.56.0-win32-x64\jre\21.0.12.1-win32-x86_64\bin\server\jvm.dll
0x00007ffb97bc0000 - 0x00007ffb97c7c000 	C:\WINDOWS\System32\ADVAPI32.dll
0x00007ffb97f20000 - 0x00007ffb97fc9000 	C:\WINDOWS\System32\sechost.dll
0x00007ffb97220000 - 0x00007ffb97338000 	C:\WINDOWS\System32\RPCRT4.dll
0x00007ffb97fd0000 - 0x00007ffb98050000 	C:\WINDOWS\System32\WS2_32.dll
0x00007ffb955c0000 - 0x00007ffb9561e000 	C:\WINDOWS\SYSTEM32\POWRPROF.dll
0x00007ffb8c3b0000 - 0x00007ffb8c3e6000 	C:\WINDOWS\SYSTEM32\WINMM.dll
0x00007ffb84760000 - 0x00007ffb8476b000 	C:\WINDOWS\SYSTEM32\VERSION.dll
0x00007ffb955a0000 - 0x00007ffb955b5000 	C:\WINDOWS\SYSTEM32\UMPDC.dll
0x00007ffb94430000 - 0x00007ffb9444b000 	C:\WINDOWS\SYSTEM32\kernel.appcore.dll
0x00007ffb858e0000 - 0x00007ffb858ea000 	C:\Users\harih\.antigravity-ide\extensions\redhat.java-1.56.0-win32-x64\jre\21.0.12.1-win32-x86_64\bin\jimage.dll
0x00007ffb923b0000 - 0x00007ffb925fc000 	C:\WINDOWS\SYSTEM32\DBGHELP.DLL
0x00007ffb96d80000 - 0x00007ffb97105000 	C:\WINDOWS\System32\combase.dll
0x00007ffb97510000 - 0x00007ffb975e9000 	C:\WINDOWS\System32\OLEAUT32.dll
0x00007ffb8c370000 - 0x00007ffb8c3ab000 	C:\WINDOWS\SYSTEM32\dbgcore.DLL
0x00007ffb95790000 - 0x00007ffb9583c000 	C:\WINDOWS\System32\bcryptPrimitives.dll
0x00007ffb855c0000 - 0x00007ffb855cf000 	C:\Users\harih\.antigravity-ide\extensions\redhat.java-1.56.0-win32-x64\jre\21.0.12.1-win32-x86_64\bin\instrument.dll
0x00007ffb7c530000 - 0x00007ffb7c550000 	C:\Users\harih\.antigravity-ide\extensions\redhat.java-1.56.0-win32-x64\jre\21.0.12.1-win32-x86_64\bin\java.dll
0x00007ffb965e0000 - 0x00007ffb96d78000 	C:\WINDOWS\System32\SHELL32.dll
0x00007ffb931c0000 - 0x00007ffb93a6e000 	C:\WINDOWS\SYSTEM32\windows.storage.dll
0x00007ffb97340000 - 0x00007ffb9743b000 	C:\WINDOWS\System32\SHCORE.dll
0x00007ffb96280000 - 0x00007ffb962e6000 	C:\WINDOWS\System32\shlwapi.dll
0x00007ffb95680000 - 0x00007ffb956a9000 	C:\WINDOWS\SYSTEM32\profapi.dll
0x00007ffb762e0000 - 0x00007ffb762f8000 	C:\Users\harih\.antigravity-ide\extensions\redhat.java-1.56.0-win32-x64\jre\21.0.12.1-win32-x86_64\bin\zip.dll
0x00007ffb853c0000 - 0x00007ffb853d0000 	C:\Users\harih\.antigravity-ide\extensions\redhat.java-1.56.0-win32-x64\jre\21.0.12.1-win32-x86_64\bin\net.dll
0x00007ffb855f0000 - 0x00007ffb8571a000 	C:\WINDOWS\SYSTEM32\WINHTTP.dll
0x00007ffb949f0000 - 0x00007ffb94a5c000 	C:\WINDOWS\system32\mswsock.dll
0x00007ffb75150000 - 0x00007ffb75166000 	C:\Users\harih\.antigravity-ide\extensions\redhat.java-1.56.0-win32-x64\jre\21.0.12.1-win32-x86_64\bin\nio.dll
0x00007ffb82fe0000 - 0x00007ffb82ff0000 	C:\Users\harih\.antigravity-ide\extensions\redhat.java-1.56.0-win32-x64\jre\21.0.12.1-win32-x86_64\bin\verify.dll
0x00007ffb8c130000 - 0x00007ffb8c157000 	C:\Users\harih\.gradle\native\660c5614fbf4a5f2a75b1949f50a0caf5cd603558e7d8a26e50b933a0cfb79d1\windows-amd64\native-platform.dll
0x00007ffb603f0000 - 0x00007ffb60467000 	C:\Users\harih\.gradle\native\0.2.8\x86_64-windows-gnu\gradle-fileevents.dll
0x00007ffb85430000 - 0x00007ffb8543a000 	C:\Users\harih\.antigravity-ide\extensions\redhat.java-1.56.0-win32-x64\jre\21.0.12.1-win32-x86_64\bin\management.dll
0x00007ffb85420000 - 0x00007ffb8542c000 	C:\Users\harih\.antigravity-ide\extensions\redhat.java-1.56.0-win32-x64\jre\21.0.12.1-win32-x86_64\bin\management_ext.dll
0x00007ffb97e80000 - 0x00007ffb97e88000 	C:\WINDOWS\System32\PSAPI.DLL
0x00007ffb93e90000 - 0x00007ffb93ec3000 	C:\WINDOWS\SYSTEM32\IPHLPAPI.DLL
0x00007ffb97f10000 - 0x00007ffb97f1a000 	C:\WINDOWS\System32\NSI.dll
0x00007ffb750c0000 - 0x00007ffb750c9000 	C:\Users\harih\.antigravity-ide\extensions\redhat.java-1.56.0-win32-x64\jre\21.0.12.1-win32-x86_64\bin\extnet.dll
0x00007ffb94ce0000 - 0x00007ffb94cfb000 	C:\WINDOWS\SYSTEM32\CRYPTSP.dll
0x00007ffb94390000 - 0x00007ffb943c9000 	C:\WINDOWS\system32\rsaenh.dll
0x00007ffb94aa0000 - 0x00007ffb94ad4000 	C:\WINDOWS\SYSTEM32\USERENV.dll
0x00007ffb95650000 - 0x00007ffb9567a000 	C:\WINDOWS\SYSTEM32\bcrypt.dll
0x00007ffb94d00000 - 0x00007ffb94d0c000 	C:\WINDOWS\SYSTEM32\CRYPTBASE.dll
0x00007ffb750e0000 - 0x00007ffb750ee000 	C:\Users\harih\.antigravity-ide\extensions\redhat.java-1.56.0-win32-x64\jre\21.0.12.1-win32-x86_64\bin\sunmscapi.dll
0x00007ffb95c60000 - 0x00007ffb95dde000 	C:\WINDOWS\System32\CRYPT32.dll
0x00007ffb94f20000 - 0x00007ffb94f50000 	C:\WINDOWS\SYSTEM32\ncrypt.dll
0x00007ffb94ed0000 - 0x00007ffb94f0f000 	C:\WINDOWS\SYSTEM32\NTASN1.dll
0x00007ffb1cb60000 - 0x00007ffb1cb68000 	C:\WINDOWS\system32\wshunix.dll

JVMTI agents:
C:\Users\harih\.gradle\wrapper\dists\gradle-9.3.1-bin\23ovyewtku6u96viwx3xl3oks\gradle-9.3.1\lib\agents\gradle-instrumentation-agent-9.3.1.jar path:C:\Users\harih\.antigravity-ide\extensions\redhat.java-1.56.0-win32-x64\jre\21.0.12.1-win32-x86_64\bin\instrument.dll, loaded, initialized, instrumentlib options:none

dbghelp: loaded successfully - version: 4.0.5 - missing functions: none
symbol engine: initialized successfully - sym options: 0x614 - pdb path: .;C:\Users\harih\.antigravity-ide\extensions\redhat.java-1.56.0-win32-x64\jre\21.0.12.1-win32-x86_64\bin;C:\WINDOWS\SYSTEM32;C:\WINDOWS\WinSxS\amd64_microsoft.windows.common-controls_6595b64144ccf1df_6.0.26100.9278_none_3e0d1ba8e3303201;C:\Users\harih\.antigravity-ide\extensions\redhat.java-1.56.0-win32-x64\jre\21.0.12.1-win32-x86_64\bin\server;C:\Users\harih\.gradle\native\660c5614fbf4a5f2a75b1949f50a0caf5cd603558e7d8a26e50b933a0cfb79d1\windows-amd64;C:\Users\harih\.gradle\native\0.2.8\x86_64-windows-gnu

VM Arguments:
jvm_args: --add-opens=java.base/java.lang=ALL-UNNAMED --add-opens=java.base/java.lang.invoke=ALL-UNNAMED --add-opens=java.base/java.util=ALL-UNNAMED --add-opens=java.prefs/java.util.prefs=ALL-UNNAMED --add-exports=jdk.compiler/com.sun.tools.javac.api=ALL-UNNAMED --add-exports=jdk.compiler/com.sun.tools.javac.util=ALL-UNNAMED --add-opens=java.base/java.util=ALL-UNNAMED --add-opens=java.prefs/java.util.prefs=ALL-UNNAMED --add-opens=java.base/java.nio.charset=ALL-UNNAMED --add-opens=java.base/java.net=ALL-UNNAMED --add-opens=java.base/java.util.concurrent=ALL-UNNAMED --add-opens=java.base/java.util.concurrent.atomic=ALL-UNNAMED --add-opens=java.xml/javax.xml.namespace=ALL-UNNAMED --add-opens=java.base/java.time=ALL-UNNAMED -XX:MaxMetaspaceSize=512m -Xmx2048m -Dfile.encoding=UTF-8 -Duser.country=IN -Duser.language=en -Duser.variant -javaagent:C:\Users\harih\.gradle\wrapper\dists\gradle-9.3.1-bin\23ovyewtku6u96viwx3xl3oks\gradle-9.3.1\lib\agents\gradle-instrumentation-agent-9.3.1.jar 
java_command: org.gradle.launcher.daemon.bootstrap.GradleDaemon 9.3.1
java_class_path (initial): C:\Users\harih\.gradle\wrapper\dists\gradle-9.3.1-bin\23ovyewtku6u96viwx3xl3oks\gradle-9.3.1\lib\gradle-daemon-main-9.3.1.jar
Launcher Type: SUN_STANDARD

[Global flags]
     intx CICompilerCount                          = 4                                         {product} {ergonomic}
   size_t CompressedClassSpaceSize                 = 436207616                                 {product} {ergonomic}
     uint ConcGCThreads                            = 2                                         {product} {ergonomic}
     uint G1ConcRefinementThreads                  = 8                                         {product} {ergonomic}
   size_t G1HeapRegionSize                         = 1048576                                   {product} {ergonomic}
    uintx GCDrainStackTargetSize                   = 64                                        {product} {ergonomic}
   size_t InitialHeapSize                          = 132120576                                 {product} {ergonomic}
   size_t MarkStackSize                            = 4194304                                   {product} {ergonomic}
   size_t MaxHeapSize                              = 2147483648                                {product} {command line}
   size_t MaxMetaspaceSize                         = 536870912                                 {product} {command line}
   size_t MaxNewSize                               = 1287651328                                {product} {ergonomic}
   size_t MinHeapDeltaBytes                        = 1048576                                   {product} {ergonomic}
   size_t MinHeapSize                              = 8388608                                   {product} {ergonomic}
    uintx NonNMethodCodeHeapSize                   = 5839372                                {pd product} {ergonomic}
    uintx NonProfiledCodeHeapSize                  = 122909434                              {pd product} {ergonomic}
    uintx ProfiledCodeHeapSize                     = 122909434                              {pd product} {ergonomic}
    uintx ReservedCodeCacheSize                    = 251658240                              {pd product} {ergonomic}
     bool SegmentedCodeCache                       = true                                      {product} {ergonomic}
   size_t SoftMaxHeapSize                          = 2147483648                             {manageable} {ergonomic}
     bool UseCompressedOops                        = true                           {product lp64_product} {ergonomic}
     bool UseG1GC                                  = true                                      {product} {ergonomic}
     bool UseLargePagesIndividualAllocation        = false                                  {pd product} {ergonomic}

Logging:
Log output configuration:
 #0: stdout all=warning uptime,level,tags foldmultilines=false
 #1: stderr all=off uptime,level,tags foldmultilines=false

Release file:
JAVA_VERSION="21.0.12.1" 
MODULES="java.base java.compiler java.datatransfer java.xml java.prefs java.desktop java.instrument java.logging java.management java.security.sasl java.naming java.rmi java.management.rmi java.net.http java.scripting java.security.jgss java.transaction.xa java.sql java.sql.rowset java.xml.crypto java.se java.smartcardio jdk.accessibility jdk.internal.jvmstat jdk.attach jdk.charsets jdk.internal.opt jdk.zipfs jdk.compiler jdk.crypto.ec jdk.crypto.cryptoki jdk.crypto.mscapi jdk.dynalink jdk.internal.ed jdk.editpad jdk.hotspot.agent jdk.httpserver jdk.internal.le jdk.internal.vm.ci jdk.internal.vm.compiler jdk.internal.vm.compiler.management jdk.jartool jdk.javadoc jdk.jcmd jdk.management jdk.management.agent jdk.jconsole jdk.jdeps jdk.jdwp.agent jdk.jdi jdk.jfr jdk.jshell jdk.jsobject jdk.jstatd jdk.localedata jdk.management.jfr jdk.naming.dns jdk.naming.rmi jdk.net jdk.nio.mapmode jdk.random jdk.sctp jdk.security.auth jdk.security.jgss jdk.unsupported jdk.unsupported.desktop jdk.xml.dom" 

Environment Variables:
JAVA_HOME=C:\Program Files\Microsoft\jdk-17.0.20.8-hotspot\
PATH=C:\Program Files\Microsoft\jdk-17.0.20.8-hotspot\bin;C:\Python313\Scripts\;C:\Python313\;C:\Program Files\Common Files\Oracle\Java\javapath;D:\oracle\product\10.2.0\db_1\bin;C:\Windows\system32;C:\Windows;C:\Windows\System32\Wbem;C:\Windows\System32\WindowsPowerShell\v1.0\;C:\Windows\System32\OpenSSH\;C:\Program Files (x86)\NVIDIA Corporation\PhysX\Common;C:\WINDOWS\system32;C:\WINDOWS;C:\WINDOWS\System32\Wbem;C:\WINDOWS\System32\WindowsPowerShell\v1.0\;C:\WINDOWS\System32\OpenSSH\;C:\Program Files\NVIDIA Corporation\NVIDIA NvDLISR;D:\nodejs\;C:\ProgramData\chocolatey\bin;C:\Program Files\dotnet\;C:\Program Files\Git LFS;C:\Program Files\Git\cmd;C:\Users\harih\AppData\Local\Microsoft\WindowsApps;C:\Users\harih\AppData\Local\Programs\Microsoft VS Code\bin;C:\Users\harih\AppData\Roaming\npm;C:\Users\harih\AppData\Local\Programs\Antigravity IDE\bin;C:\Users\harih\AppData\Local\GitHubDesktop\bin;C:\Users\harih\AppData\Local\Android\Sdk\platform-tools;C:\Users\harih\AppData\Local\Android\Sdk\emulator;C:\Users\harih\AppData\Local\Android\Sdk\tools;C:\Users\harih\AppData\Local\Android\Sdk\tools\bin;C:\Users\harih\AppData\Local\Android\Sdk\cmdline-tools\latest\bin;C:\Users\harih\AppData\Local\Programs\cursor\resources\app\bin
USERNAME=harih
OS=Windows_NT
PROCESSOR_IDENTIFIER=Intel64 Family 6 Model 140 Stepping 1, GenuineIntel
TMP=C:\Users\harih\AppData\Local\Temp
TEMP=C:\Users\harih\AppData\Local\Temp




Periodic native trim disabled

---------------  S Y S T E M  ---------------

OS:
 Windows 11 , 64 bit Build 26100 (10.0.26100.9444)
OS uptime: 1 days 10:51 hours
Hyper-V role detected

CPU: total 8 (initial active 8) (4 cores per cpu, 2 threads per core) family 6 model 140 stepping 1 microcode 0x9a, cx8, cmov, fxsr, ht, mmx, 3dnowpref, sse, sse2, sse3, ssse3, sse4.1, sse4.2, popcnt, lzcnt, tsc, tscinvbit, avx, avx2, aes, erms, clmul, bmi1, bmi2, adx, avx512f, avx512dq, avx512cd, avx512bw, avx512vl, sha, fma, vzeroupper, avx512_vpopcntdq, avx512_vpclmulqdq, avx512_vaes, avx512_vnni, clflush, clflushopt, clwb, avx512_vbmi2, avx512_vbmi, hv, rdtscp, rdpid, fsrm, gfni, avx512_bitalg, f16c, cet_ibt, cet_ss, avx512_ifma
Processor Information for processor 0
  Max Mhz: 2419, Current Mhz: 2419, Mhz Limit: 2419
Processor Information for processor 1
  Max Mhz: 2419, Current Mhz: 2419, Mhz Limit: 2419
Processor Information for processor 2
  Max Mhz: 2419, Current Mhz: 2419, Mhz Limit: 2419
Processor Information for processor 3
  Max Mhz: 2419, Current Mhz: 2419, Mhz Limit: 2419
Processor Information for processor 4
  Max Mhz: 2419, Current Mhz: 1209, Mhz Limit: 2419
Processor Information for processor 5
  Max Mhz: 2419, Current Mhz: 2419, Mhz Limit: 2419
Processor Information for processor 6
  Max Mhz: 2419, Current Mhz: 1209, Mhz Limit: 2419
Processor Information for processor 7
  Max Mhz: 2419, Current Mhz: 1209, Mhz Limit: 2419

Memory: 4k page, system-wide physical 7975M (222M free)
TotalPageFile size 32551M (AvailPageFile size 30M)
current process WorkingSet (physical memory assigned to process): 104M, peak: 119M
current process commit charge ("private bytes"): 339M, peak: 379M

vm_info: OpenJDK 64-Bit Server VM (21.0.12.1+1-LTS) for windows-amd64 JRE (21.0.12.1+1-LTS), built on 2026-08-18T00:00:00Z by "admin" with MS VC++ 17.12 (VS2022)

END.
